Archive member included because of file (symbol)

/home/near/DevkitPro/libnds/lib/libnds9.a(background.o)
                              main.o (bgState)
/home/near/DevkitPro/libnds/lib/libnds9.a(console.o)
                              main.o (consoleDemoInit)
/home/near/DevkitPro/libnds/lib/libnds9.a(initSystem.o)
                              /home/near/DevkitPro/devkitARM/bin/../lib/gcc/arm-eabi/4.3.3/../../../../arm-eabi/lib/thumb/ds_arm9_crt0.o (initSystem)
/home/near/DevkitPro/libnds/lib/libnds9.a(keys.o)
                              main.o (scanKeys)
/home/near/DevkitPro/libnds/lib/libnds9.a(sprite.o)
                              main.o (oamMain)
/home/near/DevkitPro/libnds/lib/libnds9.a(sprite_alloc.o)
                              /home/near/DevkitPro/libnds/lib/libnds9.a(sprite.o) (oamAllocReset)
/home/near/DevkitPro/libnds/lib/libnds9.a(system.o)
                              /home/near/DevkitPro/libnds/lib/libnds9.a(initSystem.o) (powerValueHandler)
/home/near/DevkitPro/libnds/lib/libnds9.a(trig.o)
                              /home/near/DevkitPro/libnds/lib/libnds9.a(background.o) (sinLerp)
/home/near/DevkitPro/libnds/lib/libnds9.a(video.o)
                              main.o (vramSetMainBanks)
/home/near/DevkitPro/libnds/lib/libnds9.a(fifosystem.o)
                              /home/near/DevkitPro/libnds/lib/libnds9.a(initSystem.o) (fifoSetValue32Handler)
/home/near/DevkitPro/libnds/lib/libnds9.a(interrupts.o)
                              /home/near/DevkitPro/libnds/lib/libnds9.a(fifosystem.o) (irqSet)
/home/near/DevkitPro/libnds/lib/libnds9.a(dcache.o)
                              /home/near/DevkitPro/libnds/lib/libnds9.a(sprite.o) (DC_FlushRange)
/home/near/DevkitPro/libnds/lib/libnds9.a(biosCalls.o)
                              /home/near/DevkitPro/libnds/lib/libnds9.a(system.o) (swiDelay)
/home/near/DevkitPro/libnds/lib/libnds9.a(debugprint.o)
                              /home/near/DevkitPro/libnds/lib/libnds9.a(console.o) (nocashMessage)
/home/near/DevkitPro/libnds/lib/libnds9.a(interruptDispatcher.o)
                              /home/near/DevkitPro/libnds/lib/libnds9.a(interrupts.o) (IntrMain)
/home/near/DevkitPro/libnds/lib/libnds9.a(default_font.bin.o)
                              /home/near/DevkitPro/libnds/lib/libnds9.a(console.o) (default_font_bin)
/home/near/DevkitPro/devkitARM/bin/../lib/gcc/arm-eabi/4.3.3/thumb/libgcc.a(_divsi3.o)
                              main.o (__aeabi_idivmod)
/home/near/DevkitPro/devkitARM/bin/../lib/gcc/arm-eabi/4.3.3/thumb/libgcc.a(_dvmd_tls.o)
                              /home/near/DevkitPro/devkitARM/bin/../lib/gcc/arm-eabi/4.3.3/thumb/libgcc.a(_divsi3.o) (__div0)
/home/near/DevkitPro/devkitARM/bin/../lib/gcc/arm-eabi/4.3.3/../../../../arm-eabi/lib/thumb/libg.a(lib_a-bsearch.o)
                              /home/near/DevkitPro/libnds/lib/libnds9.a(trig.o) (bsearch)
/home/near/DevkitPro/devkitARM/bin/../lib/gcc/arm-eabi/4.3.3/../../../../arm-eabi/lib/thumb/libg.a(lib_a-impure.o)
                              /home/near/DevkitPro/libnds/lib/libnds9.a(console.o) (_impure_ptr)
/home/near/DevkitPro/devkitARM/bin/../lib/gcc/arm-eabi/4.3.3/../../../../arm-eabi/lib/thumb/libg.a(lib_a-init.o)
                              /home/near/DevkitPro/devkitARM/bin/../lib/gcc/arm-eabi/4.3.3/../../../../arm-eabi/lib/thumb/ds_arm9_crt0.o (__libc_init_array)
/home/near/DevkitPro/devkitARM/bin/../lib/gcc/arm-eabi/4.3.3/../../../../arm-eabi/lib/thumb/libg.a(lib_a-iprintf.o)
                              main.o (iprintf)
/home/near/DevkitPro/devkitARM/bin/../lib/gcc/arm-eabi/4.3.3/../../../../arm-eabi/lib/thumb/libg.a(lib_a-malloc.o)
                              /home/near/DevkitPro/libnds/lib/libnds9.a(sprite_alloc.o) (malloc)
/home/near/DevkitPro/devkitARM/bin/../lib/gcc/arm-eabi/4.3.3/../../../../arm-eabi/lib/thumb/libg.a(lib_a-mallocr.o)
                              /home/near/DevkitPro/devkitARM/bin/../lib/gcc/arm-eabi/4.3.3/../../../../arm-eabi/lib/thumb/libg.a(lib_a-malloc.o) (_malloc_r)
/home/near/DevkitPro/devkitARM/bin/../lib/gcc/arm-eabi/4.3.3/../../../../arm-eabi/lib/thumb/libg.a(lib_a-memcpy.o)
                              /home/near/DevkitPro/libnds/lib/libnds9.a(console.o) (memcpy)
/home/near/DevkitPro/devkitARM/bin/../lib/gcc/arm-eabi/4.3.3/../../../../arm-eabi/lib/thumb/libg.a(lib_a-memset.o)
                              /home/near/DevkitPro/libnds/lib/libnds9.a(background.o) (memset)
/home/near/DevkitPro/devkitARM/bin/../lib/gcc/arm-eabi/4.3.3/../../../../arm-eabi/lib/thumb/libg.a(lib_a-mlock.o)
                              /home/near/DevkitPro/devkitARM/bin/../lib/gcc/arm-eabi/4.3.3/../../../../arm-eabi/lib/thumb/libg.a(lib_a-mallocr.o) (__malloc_lock)
/home/near/DevkitPro/devkitARM/bin/../lib/gcc/arm-eabi/4.3.3/../../../../arm-eabi/lib/thumb/libg.a(lib_a-rand.o)
                              main.o (srand)
/home/near/DevkitPro/devkitARM/bin/../lib/gcc/arm-eabi/4.3.3/../../../../arm-eabi/lib/thumb/libg.a(lib_a-realloc.o)
[...]
Memory Configuration

Name             Origin             Length             Attributes
rom              0x08000000         0x02000000
ewram            0x02000000         0x003ff000
dtcm             0x0b000000         0x00004000
vectors          0x01000000         0x00000100
itcm             0x01000100         0x00007f00
*default*        0x00000000         0xffffffff

Linker script and memory map

                0x01000000                __vectors_start = 0x1000000
                0x01000100                __itcm_start = 0x1000100
                0x023ff000                __ewram_end = 0x23ff000
                0x023ff000                __eheap_end = 0x23ff000
                0x0b000000                __dtcm_start = 0xb000000
                0x0b004000                __dtcm_top = 0xb004000
                0x0b003ff8                __irq_flags = (__dtcm_top - 0x8)
                0x0b003ffc                __irq_vector = (__dtcm_top - 0x4)
                0x0b003f00                __sp_svc = (__dtcm_top - 0x100)
                0x0b003e00                __sp_irq = (__sp_svc - 0x100)
                0x0b003d00                __sp_usr = (__sp_irq - 0x100)

.init           0x02000000      0x30c
                0x02000000                __text_start = .
 *(.init)
 .init          0x02000000      0x300 /home/near/DevkitPro/devkitARM/bin/../lib/gcc/arm-eabi/4.3.3/../../../../arm-eabi/lib/thumb/ds_arm9_crt0.o
                0x02000000                _start
 .init          0x02000300        0x4 /home/near/DevkitPro/devkitARM/bin/../lib/gcc/arm-eabi/4.3.3/thumb/crti.o
                0x02000300                _init
 .init          0x02000304        0x8 /home/near/DevkitPro/devkitARM/bin/../lib/gcc/arm-eabi/4.3.3/thumb/crtn.o
                0x0200030c                . = ALIGN (0x4)

.plt
 *(.plt)

.text           0x02000310     0xda8c
 *(EXCLUDE_FILE(*.itcm*) .text)
 .text          0x02000310        0x0 /home/near/DevkitPro/devkitARM/bin/../lib/gcc/arm-eabi/4.3.3/../../../../arm-eabi/lib/thumb/ds_arm9_crt0.o
 .text          0x02000310        0x0 /home/near/DevkitPro/devkitARM/bin/../lib/gcc/arm-eabi/4.3.3/thumb/crti.o
 .text          0x02000310       0x70 /home/near/DevkitPro/devkitARM/bin/../lib/gcc/arm-eabi/4.3.3/thumb/crtbegin.o
 .text          0x02000380     0x1a38 main.o
                0x020009f0                fillmap
                0x02000470                rotatecheckL
                0x02000624                rstdwntme
                0x02000fb8                keypausepressed
                0x02001340                printscore
                0x02000f98                keyrightpressed
                0x0200065c                clrtmp
                0x02001370                drawnext
                0x02000420                cotecleft
                0x020011f0                drawpieces
                0x0200158c                Newblock
                0x02000928                chkblkdwn
                0x020010c4                drawmap
                0x0200108c                FillRec
                0x02000fa8                keyenterpressed
                0x02000c74                gp_moveblockr
                0x02001418                gameoverscr
                0x02000d6c                drwnm2wde
                0x0200067c                chklne
                0x02000c04                gp_moveblockl
                0x020003e0                clearmap
                0x020012b8                frameflip
                0x02000f88                keyleftpressed
                0x02000ec8                restgame
                0x0200163c                titlescr
                0x02000ee8                loadfonts
                0x02000998                movblkdwn
                0x02000b54                gp_rotateblock
                0x02000eec                framerate
                0x02000534                rotatecheckD
                0x02000ce0                gp_lrtimer
                0x02000a7c                gp_speed_down
                0x02000f48                keydownpressed
                0x02000a78                optionscr
                0x02000f68                keyuppressed
                0x02000fc8                g_print
                0x02000ee4                aboutbh
                0x02000d54                ch2gmeop
                0x02000ac0                gp_rotateblock2
                0x020004dc                cotecright
                0x02000f78                krotateR
                0x02001444                iniGraphic
                0x02001820                main
                0x02000d24                clear_pieces
                0x02000a74                pntscrblk
                0x02001684                inigame
                0x02000808                ablock
                0x02000a54                isgmeovr
                0x02000fcc                drawrec
                0x02000de0                resetvar
                0x02000ef0                frameloop
                0x02000f58                krotateL
                0x02000598                checkdown
                0x02001284                getkeystate
                0x02000d44                gooptions
                0x02000380                drawfield
 .text          0x02001db8      0x320 /home/near/DevkitPro/libnds/lib/libnds9.a(background.o)
                0x02001e14                bgUpdate
                0x02002008                bgInit_call
                0x02001dc4                checkIfText
                0x02001f0c                bgInitSub_call
                0x02001db8                bgIsText
 .text          0x020020d8      0xa28 /home/near/DevkitPro/libnds/lib/libnds9.a(console.o)
                0x02002808                con_write
                0x020020d8                consoleGetDefault
                0x0200265c                consoleInit
                0x020025b0                consoleSetFont
                0x02002ad0                nocash_write
                0x0200218c                consolePrintChar
                0x020025fc                consoleClear
                0x020025d4                consoleSetWindow
                0x020020e0                consoleSelect
                0x020027cc                consoleDemoInit
                0x02002338                consoleLoadFont
                0x02002610                consoleDebugInit
 .text          0x02002b00       0xec /home/near/DevkitPro/libnds/lib/libnds9.a(initSystem.o)
                0x02002b00                initSystem
 .text          0x02002bec      0x134 /home/near/DevkitPro/libnds/lib/libnds9.a(keys.o)
                0x02002cac                keysSetRepeat
                0x02002c9c                keysDownRepeat
                0x02002ce8                keysCurrent
                0x02002c7c                keysHeld
                0x02002cd0                keysUp
                0x02002c88                keysDown
                0x02002bec                scanKeys
 .text          0x02002d20      0x484 /home/near/DevkitPro/libnds/lib/libnds9.a(sprite.o)
                0x02002d20                oamDisable
                0x02002da8                oamClear
                0x02002fd4                oamRotateScale
                0x02002d74                oamGetGfxPtr
                0x02002d50                oamEnable
                0x02002dd0                oamGfxPtrToOffset
                0x02003034                oamUpdate
                0x02003098                oamInit
                0x02002e08                oamSet
 .text          0x020031a4      0x364 /home/near/DevkitPro/libnds/lib/libnds9.a(sprite_alloc.o)
                0x020031e0                oamCountFragments
                0x020031a4                resizeBuffer
                0x0200331c                oamAllocReset
                0x020031c0                getAllocHeader
                0x02003308                oamFreeGfx
                0x02003354                simpleAlloc
                0x020034d0                oamAllocateGfx
                0x0200322c                simpleFree
 .text          0x02003508       0xf4 /home/near/DevkitPro/libnds/lib/libnds9.a(system.o)
                0x020035b8                systemMsgHandler
                0x02003550                powerOn
                0x020035a0                powerValueHandler
                0x02003508                ledBlink
                0x02003584                systemSleep
                0x02003520                powerOff
 .text          0x020035fc      0x264 /home/near/DevkitPro/libnds/lib/libnds9.a(trig.o)
                0x02003794                arcSinComp
                0x020037c4                asinLerp
                0x02003754                tanLerp
                0x020035fc                sinLutLookup
                0x02003708                tanLutLookup
                0x020036ec                cosLerp
                0x02003844                acosLerp
                0x0200364c                sinLerp
 .text          0x02003860      0x144 /home/near/DevkitPro/libnds/lib/libnds9.a(video.o)
                0x02003914                vramSetBankF
                0x020038a4                vramRestoreMainBanks
                0x0200393c                vramSetBankH
                0x020038ec                vramSetBankD
                0x02003900                vramSetBankE
                0x02003964                setBrightness
                0x02003928                vramSetBankG
                0x020038c4                vramSetBankB
                0x020038d8                vramSetBankC
                0x02003950                vramSetBankI
                0x02003860                vramSetMainBanks
                0x020038b0                vramSetBankA
 .text          0x020039a4     0x18b8 /home/near/DevkitPro/libnds/lib/libnds9.a(fifosystem.o)
                0x02004940                fifoInternalRecvPopFirst
                0x02003a2c                fifoCheckValue32
                0x02003b3c                fifoCheckDatamsgLength
                0x02004334                fifoGetLostWordCount
                0x020042a4                fifoGetBufferUsage
                0x02005004                fifoSendValue32
                0x02004f14                fifoInternalSend
                0x0200400c                fifoGetDatamsg
                0x02003e24                fifoGetValue32
                0x02003c3c                fifoGetAddress
                0x02003bcc                fifoCountDatamsg
                0x02003f74                fifoForceValue32Handler
                0x02003ab4                fifoCheckDatamsg
                0x020048e0                fifoInternalRecvPeek
                0x02004e34                fifoInternalAllocFreeBlock
                0x02003dfc                fifoSetAddressHandler
                0x020048a0                fifoInternalProtect
                0x020041e8                fifoForceDatamsgHandler
                0x02004d48                fifoInternalSendEnqueue
                0x02004fac                fifoSendDatamsg
                0x02004b80                fifoInternalSendEmpty
                0x02004ccc                fifoInternalSendInterrupt
                0x0200504c                fifoSendAddress
                0x02004b90                fifoInternalSendDeque
                0x02004340                fifoInternalRecvInterrupt
                0x020039a4                fifoCheckAddress
                0x02004e88                fifoInternalFreeCheck
                0x02004a14                fifoInternalRecvWordCount
                0x02004a94                fifoInternalRecvPushBack
                0x020048bc                fifoInternalUnprotect
                0x02003d8c                fifoForceAddressHandler
                0x02003fe4                fifoSetValue32Handler
                0x02004c64                fifoInternalBeginSend
                0x02005088                fifoInit
                0x0200427c                fifoSetDatamsgHandler
                0x02004e64                fifoInternalFreeBlock
 .text          0x0200525c      0x1a8 /home/near/DevkitPro/libnds/lib/libnds9.a(interrupts.o)
                0x0200533c                irqEnable
                0x02005260                irqSet
                0x02005388                irqDisable
                0x020052c0                irqInit
                0x0200525c                irqDummy
                0x0200530c                irqInitHandler
                0x020053d4                irqClear
 .text          0x02005404       0x70 /home/near/DevkitPro/libnds/lib/libnds9.a(dcache.o)
                0x02005404                DC_FlushAll
                0x02005430                DC_FlushRange
                0x02005458                DC_InvalidateRange
                0x0200544c                DC_InvalidateAll
 *fill*         0x02005474        0xc ff
 .text          0x02005480       0x70 /home/near/DevkitPro/libnds/lib/libnds9.a(biosCalls.o)
                0x02005490                swiSleep
                0x020054ca                swiDecompressLZSSVram
                0x020054b2                swiFastCopy
                0x020054b6                swiSqrt
                0x02005480                swiSoftReset
                0x020054ba                swiCRC16
                0x020054ce                swiDecompressHuffman
                0x020054e6                swiSetHaltCR
                0x0200549c                swiRemainder
                0x020054c2                swiUnpackBits
                0x020054c6                swiDecompressLZSSWram
                0x020054e2                swiDecodeDelta16
                0x02005484                swiDelay
                0x020054a2                swiDivMod
                0x020054d6                swiDecompressRLEVram
                0x020054d2                swiDecompressRLEWram
                0x020054de                swiDecodeDelta8
                0x02005498                swiDivide
                0x02005494                swiChangeSoundBias
                0x0200548c                swiWaitForVBlank
                0x02005488                swiIntrWait
                0x020054be                swiIsDebugger
                0x020054da                swiWaitForIRQ
                0x020054ae                swiCopy
 .text          0x020054f0       0x98 /home/near/DevkitPro/libnds/lib/libnds9.a(debugprint.o)
                0x020054f0                nocashMessage
 .text          0x02005588        0x0 /home/near/DevkitPro/libnds/lib/libnds9.a(interruptDispatcher.o)
 .text          0x02005588        0x0 /home/near/DevkitPro/libnds/lib/libnds9.a(default_font.bin.o)
 .text          0x02005588       0xa4 /home/near/DevkitPro/devkitARM/bin/../lib/gcc/arm-eabi/4.3.3/thumb/libgcc.a(_divsi3.o)
                0x02005588                __aeabi_idiv
                0x02005588                __divsi3
                0x0200561c                __aeabi_idivmod
 .text          0x0200562c        0x4 /home/near/DevkitPro/devkitARM/bin/../lib/gcc/arm-eabi/4.3.3/thumb/libgcc.a(_dvmd_tls.o)
                0x0200562c                __aeabi_ldiv0
                0x0200562c                __div0
                0x0200562c                __aeabi_idiv0
 .text          0x02005630       0x5c /home/near/DevkitPro/devkitARM/bin/../lib/gcc/arm-eabi/4.3.3/../../../../arm-eabi/lib/thumb/libg.a(lib_a-bsearch.o)
                0x02005630                bsearch
 .text          0x0200568c        0x0 /home/near/DevkitPro/devkitARM/bin/../lib/gcc/arm-eabi/4.3.3/../../../../arm-eabi/lib/thumb/libg.a(lib_a-impure.o)
 .text          0x0200568c       0x88 /home/near/DevkitPro/devkitARM/bin/../lib/gcc/arm-eabi/4.3.3/../../../../arm-eabi/lib/thumb/libg.a(lib_a-init.o)
                0x020056bc                __libc_init_array
                0x0200568c                __libc_fini_array
 .text          0x02005714       0x3c /home/near/DevkitPro/devkitARM/bin/../lib/gcc/arm-eabi/4.3.3/../../../../arm-eabi/lib/thumb/libg.a(lib_a-iprintf.o)
                0x02005714                _iprintf_r
                0x0200572c                iprintf
 .text          0x02005750       0x30 /home/near/DevkitPro/devkitARM/bin/../lib/gcc/arm-eabi/4.3.3/../../../../arm-eabi/lib/thumb/libg.a(lib_a-malloc.o)
                0x02005768                malloc
                0x02005750                free
 .text          0x02005780      0x510 /home/near/DevkitPro/devkitARM/bin/../lib/gcc/arm-eabi/4.3.3/../../../../arm-eabi/lib/thumb/libg.a(lib_a-mallocr.o)
                0x02005780                _malloc_r
 .text          0x02005c90       0x88 /home/near/DevkitPro/devkitARM/bin/../lib/gcc/arm-eabi/4.3.3/../../../../arm-eabi/lib/thumb/libg.a(lib_a-memcpy.o)
                0x02005c90                memcpy
 .text          0x02005d18       0xb0 /home/near/DevkitPro/devkitARM/bin/../lib/gcc/arm-eabi/4.3.3/../../../../arm-eabi/lib/thumb/libg.a(lib_a-memset.o)
                0x02005d18                memset
 .text          0x02005dc8        0x8 /home/near/DevkitPro/devkitARM/bin/../lib/gcc/arm-eabi/4.3.3/../../../../arm-eabi/lib/thumb/libg.a(lib_a-mlock.o)
                0x02005dcc                __malloc_unlock
                0x02005dc8                __malloc_lock
 .text          0x02005dd0       0x58 /home/near/DevkitPro/devkitARM/bin/../lib/gcc/arm-eabi/4.3.3/../../../../arm-eabi/lib/thumb/libg.a(lib_a-rand.o)
                0x02005de4                rand
                0x02005dd0                srand
 .text          0x02005e28       0x1c /home/near/DevkitPro/devkitARM/bin/../lib/gcc/arm-eabi/4.3.3/../../../../arm-eabi/lib/thumb/libg.a(lib_a-realloc.o)
                0x02005e28                realloc
 .text          0x02005e44      0x340 /home/near/DevkitPro/devkitARM/bin/../lib/gcc/arm-eabi/4.3.3/../../../../arm-eabi/lib/thumb/libg.a(lib_a-reallocr.o)
                0x02005e44                _realloc_r
 .text          0x02006184      0x114 /home/near/DevkitPro/devkitARM/bin/../lib/gcc/arm-eabi/4.3.3/../../../../arm-eabi/lib/thumb/libg.a(lib_a-setvbuf.o)
                0x02006184                setvbuf
 .text          0x02006298       0xa4 /home/near/DevkitPro/devkitARM/bin/../lib/gcc/arm-eabi/4.3.3/../../../../arm-eabi/lib/thumb/libg.a(lib_a-siscanf.o)
                0x0200629c                _siscanf_r
                0x020062ec                siscanf
 .text          0x0200633c       0x84 /home/near/DevkitPro/devkitARM/bin/../lib/gcc/arm-eabi/4.3.3/../../../../arm-eabi/lib/thumb/libg.a(lib_a-sprintf.o)
                0x02006380                _sprintf_r
                0x0200633c                sprintf
 .text          0x020063c0       0x60 /home/near/DevkitPro/devkitARM/bin/../lib/gcc/arm-eabi/4.3.3/../../../../arm-eabi/lib/thumb/libg.a(lib_a-strlen.o)
                0x020063c0                strlen
 .text          0x02006420      0x8fc /home/near/DevkitPro/devkitARM/bin/../lib/gcc/arm-eabi/4.3.3/../../../../arm-eabi/lib/thumb/libg.a(lib_a-svfiscanf.o)
                0x020064f4                __ssvfiscanf_r
 *fill*         0x02006d1c        0x4 ff
 .text          0x02006d20     0x15e0 /home/near/DevkitPro/devkitARM/bin/../lib/gcc/arm-eabi/4.3.3/../../../../arm-eabi/lib/thumb/libg.a(lib_a-svfprintf.o)
                0x02006e4c                _svfprintf_r
 .text          0x02008300       0x34 /home/near/DevkitPro/devkitARM/bin/../lib/gcc/arm-eabi/4.3.3/../../../../arm-eabi/lib/thumb/libg.a(lib_a-time.o)
                0x02008300                time
 .text          0x02008334      0x1a0 /home/near/DevkitPro/devkitARM/bin/../lib/gcc/arm-eabi/4.3.3/../../../../arm-eabi/lib/thumb/libg.a(lib_a-ungetc.o)
                0x020084b8                ungetc
                0x02008334                __submore
                0x020083b0                _ungetc_r
 .text          0x020084d4      0xc44 /home/near/DevkitPro/devkitARM/bin/../lib/gcc/arm-eabi/4.3.3/../../../../arm-eabi/lib/thumb/libg.a(lib_a-vfiprintf.o)
                0x020090f4                vfiprintf
                0x020084f4                _vfiprintf_r
 .text          0x02009118       0x68 /home/near/DevkitPro/devkitARM/bin/../lib/gcc/arm-eabi/4.3.3/../../../../arm-eabi/lib/thumb/libg.a(lib_a-wcrtomb.o)
                0x02009118                _wcrtomb_r
                0x0200915c                wcrtomb
 .text          0x02009180      0x108 /home/near/DevkitPro/devkitARM/bin/../lib/gcc/arm-eabi/4.3.3/../../../../arm-eabi/lib/thumb/libg.a(lib_a-wcsrtombs.o)
                0x02009180                _wcsrtombs_r
                0x02009260                wcsrtombs
 .text          0x02009288      0x2c8 /home/near/DevkitPro/devkitARM/bin/../lib/gcc/arm-eabi/4.3.3/../../../../arm-eabi/lib/thumb/libg.a(lib_a-wctomb_r.o)
                0x02009288                _wctomb_r
 .text          0x02009550       0xc8 /home/near/DevkitPro/devkitARM/bin/../lib/gcc/arm-eabi/4.3.3/../../../../arm-eabi/lib/thumb/libg.a(lib_a-wsetup.o)
                0x02009550                __swsetup_r
 .text          0x02009618        0x0 /home/near/DevkitPro/devkitARM/bin/../lib/gcc/arm-eabi/4.3.3/../../../../arm-eabi/lib/thumb/libg.a(lib_a-ctype_.o)
 .text          0x02009618      0xf70 /home/near/DevkitPro/devkitARM/bin/../lib/gcc/arm-eabi/4.3.3/../../../../arm-eabi/lib/thumb/libg.a(lib_a-dtoa.o)
                0x02009784                _dtoa_r
 .text          0x0200a588      0x150 /home/near/DevkitPro/devkitARM/bin/../lib/gcc/arm-eabi/4.3.3/../../../../arm-eabi/lib/thumb/libg.a(lib_a-fflush.o)
                0x0200a6a4                fflush
                0x0200a588                _fflush_r
 .text          0x0200a6d8      0x1f0 /home/near/DevkitPro/devkitARM/bin/../lib/gcc/arm-eabi/4.3.3/../../../../arm-eabi/lib/thumb/libg.a(lib_a-findfp.o)
                0x0200a7a4                __sinit
                0x0200a800                __sfmoreglue
                0x0200a73c                _cleanup
                0x0200a728                _cleanup_r
                0x0200a70c                __fp_lock_all
                0x0200a6d8                __sfp_lock_acquire
                0x0200a834                __sfp
                0x0200a6e4                __sinit_lock_release
                0x0200a6f0                __fp_unlock_all
                0x0200a6dc                __sfp_lock_release
                0x0200a6e0                __sinit_lock_acquire
 .text          0x0200a8c8      0x23c /home/near/DevkitPro/devkitARM/bin/../lib/gcc/arm-eabi/4.3.3/../../../../arm-eabi/lib/thumb/libg.a(lib_a-freer.o)
                0x0200a970                _free_r
                0x0200a8c8                _malloc_trim_r
 .text          0x0200ab04      0x318 /home/near/DevkitPro/devkitARM/bin/../lib/gcc/arm-eabi/4.3.3/../../../../arm-eabi/lib/thumb/libg.a(lib_a-fvwrite.o)
                0x0200ab04                __sfvwrite_r
 .text          0x0200ae1c       0xc8 /home/near/DevkitPro/devkitARM/bin/../lib/gcc/arm-eabi/4.3.3/../../../../arm-eabi/lib/thumb/libg.a(lib_a-fwalk.o)
                0x0200ae84                _fwalk
                0x0200ae1c                _fwalk_reent
 .text          0x0200aee4       0xec /home/near/DevkitPro/devkitARM/bin/../lib/gcc/arm-eabi/4.3.3/../../../../arm-eabi/lib/thumb/libg.a(lib_a-iswspace.o)
                0x0200aee4                iswspace
 .text          0x0200afd0      0x178 /home/near/DevkitPro/devkitARM/bin/../lib/gcc/arm-eabi/4.3.3/../../../../arm-eabi/lib/thumb/libg.a(lib_a-jp2uc.o)
                0x0200afd0                __jp2uc
 .text          0x0200b148      0x28c /home/near/DevkitPro/devkitARM/bin/../lib/gcc/arm-eabi/4.3.3/../../../../arm-eabi/lib/thumb/libg.a(lib_a-locale.o)
                0x0200b164                _setlocale_r
                0x0200b148                __locale_charset
                0x0200b154                _localeconv_r
                0x0200b3b8                setlocale
                0x0200b15c                localeconv
 .text          0x0200b3d4       0xe8 /home/near/DevkitPro/devkitARM/bin/../lib/gcc/arm-eabi/4.3.3/../../../../arm-eabi/lib/thumb/libg.a(lib_a-makebuf.o)
                0x0200b3d4                __smakebuf_r
 .text          0x0200b4bc       0x70 /home/near/DevkitPro/devkitARM/bin/../lib/gcc/arm-eabi/4.3.3/../../../../arm-eabi/lib/thumb/libg.a(lib_a-mbrtowc.o)
                0x0200b504                mbrtowc
                0x0200b4bc                _mbrtowc_r
 .text          0x0200b52c      0x69c /home/near/DevkitPro/devkitARM/bin/../lib/gcc/arm-eabi/4.3.3/../../../../arm-eabi/lib/thumb/libg.a(lib_a-mbtowc_r.o)
                0x0200b52c                _mbtowc_r
 .text          0x0200bbc8       0x8c /home/near/DevkitPro/devkitARM/bin/../lib/gcc/arm-eabi/4.3.3/../../../../arm-eabi/lib/thumb/libg.a(lib_a-memchr.o)
                0x0200bbc8                memchr
 .text          0x0200bc54       0xb0 /home/near/DevkitPro/devkitARM/bin/../lib/gcc/arm-eabi/4.3.3/../../../../arm-eabi/lib/thumb/libg.a(lib_a-memmove.o)
                0x0200bc54                memmove
 *fill*         0x0200bd04        0x4 ff
 .text          0x0200bd08      0x9e8 /home/near/DevkitPro/devkitARM/bin/../lib/gcc/arm-eabi/4.3.3/../../../../arm-eabi/lib/thumb/libg.a(lib_a-mprec.o)
                0x0200bf80                _mprec_log10
                0x0200c010                __any_on
                0x0200c06c                _Balloc
                0x0200bf2c                __ratio
                0x0200c4d8                __i2b
                0x0200be70                __b2d
                0x0200c650                __s2b
                0x0200bde0                __mcmp
                0x0200bd24                __hi0bits
                0x0200c598                __pow5mult
                0x0200c2b8                __lshift
                0x0200c378                __multiply
                0x0200c0c0                __d2b
                0x0200bfc4                __copybits
                0x0200be24                __ulp
                0x0200c194                __mdiff
                0x0200bd78                __lo0bits
                0x0200c4f0                __multadd
                0x0200bd08                _Bfree
 .text          0x0200c6f0       0x24 /home/near/DevkitPro/devkitARM/bin/../lib/gcc/arm-eabi/4.3.3/../../../../arm-eabi/lib/thumb/libg.a(lib_a-s_isinfd.o)
                0x0200c6f0                __isinfd
 .text          0x0200c714       0x1c /home/near/DevkitPro/devkitARM/bin/../lib/gcc/arm-eabi/4.3.3/../../../../arm-eabi/lib/thumb/libg.a(lib_a-s_isnand.o)
                0x0200c714                __isnand
 .text          0x0200c730       0x78 /home/near/DevkitPro/devkitARM/bin/../lib/gcc/arm-eabi/4.3.3/../../../../arm-eabi/lib/thumb/libg.a(lib_a-sccl.o)
                0x0200c730                __sccl
 .text          0x0200c7a8       0xb8 /home/near/DevkitPro/devkitARM/bin/../lib/gcc/arm-eabi/4.3.3/../../../../arm-eabi/lib/thumb/libg.a(lib_a-stdio.o)
                0x0200c7bc                __sseek
                0x0200c830                __sread
                0x0200c7a8                __sclose
                0x0200c7f0                __swrite
 .text          0x0200c860       0x5c /home/near/DevkitPro/devkitARM/bin/../lib/gcc/arm-eabi/4.3.3/../../../../arm-eabi/lib/thumb/libg.a(lib_a-strcmp.o)
                0x0200c860                strcmp
 .text          0x0200c8bc       0x48 /home/near/DevkitPro/devkitARM/bin/../lib/gcc/arm-eabi/4.3.3/../../../../arm-eabi/lib/thumb/libg.a(lib_a-strcpy.o)
                0x0200c8bc                strcpy
 .text          0x0200c904      0x18c /home/near/DevkitPro/devkitARM/bin/../lib/gcc/arm-eabi/4.3.3/../../../../arm-eabi/lib/thumb/libg.a(lib_a-strtol.o)
                0x0200ca6c                strtol
                0x0200c904                _strtol_r
 .text          0x0200ca90      0x190 /home/near/DevkitPro/devkitARM/bin/../lib/gcc/arm-eabi/4.3.3/../../../../arm-eabi/lib/thumb/libg.a(lib_a-strtoul.o)
                0x0200cbfc                strtoul
                0x0200ca90                _strtoul_r
 .text          0x0200cc20       0x5c /home/near/DevkitPro/devkitARM/bin/../lib/gcc/arm-eabi/4.3.3/../../../../arm-eabi/lib/thumb/libg.a(lib_a-callocr.o)
                0x0200cc20                _calloc_r
 .text          0x0200cc7c       0xc0 /home/near/DevkitPro/devkitARM/bin/../lib/gcc/arm-eabi/4.3.3/../../../../arm-eabi/lib/thumb/libg.a(lib_a-fclose.o)
                0x0200cc7c                _fclose_r
                0x0200cd20                fclose
 .text          0x0200cd3c      0x134 /home/near/DevkitPro/devkitARM/bin/../lib/gcc/arm-eabi/4.3.3/../../../../arm-eabi/lib/thumb/libsysbase.a(iosupport.o)
                0x0200ce4c                RemoveDevice
                0x0200cd3c                setDefaultDevice
                0x0200cd50                AddDevice
                0x0200ce2c                GetDeviceOpTab
                0x0200cdc8                FindDevice
 .text          0x0200ce70       0x54 /home/near/DevkitPro/devkitARM/bin/../lib/gcc/arm-eabi/4.3.3/../../../../arm-eabi/lib/thumb/libsysbase.a(close.o)
                0x0200ce70                _close_r
 .text          0x0200cec4       0x5c /home/near/DevkitPro/devkitARM/bin/../lib/gcc/arm-eabi/4.3.3/../../../../arm-eabi/lib/thumb/libsysbase.a(fstat.o)
                0x0200cec4                _fstat_r
 .text          0x0200cf20        0x4 /home/near/DevkitPro/devkitARM/bin/../lib/gcc/arm-eabi/4.3.3/../../../../arm-eabi/lib/thumb/libsysbase.a(isatty.o)
                0x0200cf20                _isatty_r
 .text          0x0200cf24       0x54 /home/near/DevkitPro/devkitARM/bin/../lib/gcc/arm-eabi/4.3.3/../../../../arm-eabi/lib/thumb/libsysbase.a(lseek.o)
                0x0200cf24                _lseek_r
 .text          0x0200cf78       0x54 /home/near/DevkitPro/devkitARM/bin/../lib/gcc/arm-eabi/4.3.3/../../../../arm-eabi/lib/thumb/libsysbase.a(read.o)
                0x0200cf78                _read_r
 .text          0x0200cfcc       0x54 /home/near/DevkitPro/devkitARM/bin/../lib/gcc/arm-eabi/4.3.3/../../../../arm-eabi/lib/thumb/libsysbase.a(sbrk.o)
                0x0200cfcc                _sbrk_r
 .text          0x0200d020       0x4c /home/near/DevkitPro/devkitARM/bin/../lib/gcc/arm-eabi/4.3.3/../../../../arm-eabi/lib/thumb/libsysbase.a(times.o)
                0x0200d028                _gettimeofday_r
                0x0200d020                _times_r
                0x0200d054                _times
 .text          0x0200d06c       0x54 /home/near/DevkitPro/devkitARM/bin/../lib/gcc/arm-eabi/4.3.3/../../../../arm-eabi/lib/thumb/libsysbase.a(write.o)
                0x0200d06c                _write_r
 .text          0x0200d0c0        0x0 /home/near/DevkitPro/devkitARM/bin/../lib/gcc/arm-eabi/4.3.3/../../../../arm-eabi/lib/thumb/libsysbase.a(malloc_vars.o)
 .text          0x0200d0c0       0x54 /home/near/DevkitPro/devkitARM/bin/../lib/gcc/arm-eabi/4.3.3/../../../../arm-eabi/lib/thumb/libsysbase.a(build_argv.o)
                0x0200d0c0                build_argv
 .text          0x0200d114       0x90 /home/near/DevkitPro/devkitARM/bin/../lib/gcc/arm-eabi/4.3.3/../../../../arm-eabi/lib/thumb/libsysbase.a(handle_manager.o)
                0x0200d174                __release_handle
                0x0200d134                __alloc_handle
                0x0200d114                __get_handle
 .text          0x0200d1a4       0x8c /home/near/DevkitPro/devkitARM/bin/../lib/gcc/arm-eabi/4.3.3/thumb/libgcc.a(_udivsi3.o)
                0x0200d1a4                __udivsi3
                0x0200d1a4                __aeabi_uidiv
                0x0200d220                __aeabi_uidivmod
 .text          0x0200d230      0x41c /home/near/DevkitPro/devkitARM/bin/../lib/gcc/arm-eabi/4.3.3/thumb/libgcc.a(_addsubdf3.o)
                0x0200d5ec                __floatdidf
                0x0200d570                __floatsidf
                0x0200d54c                __aeabi_ui2d
                0x0200d230                __aeabi_drsub
                0x0200d598                __extendsfdf2
                0x0200d23c                __adddf3
                0x0200d54c                __floatunsidf
                0x0200d23c                __aeabi_dadd
                0x0200d5d8                __aeabi_ul2d
                0x0200d238                __aeabi_dsub
                0x0200d5d8                __floatundidf
                0x0200d570                __aeabi_i2d
                0x0200d5ec                __aeabi_l2d
                0x0200d598                __aeabi_f2d
                0x0200d238                __subdf3
 .text          0x0200d64c      0x49c /home/near/DevkitPro/devkitARM/bin/../lib/gcc/arm-eabi/4.3.3/thumb/libgcc.a(_muldivdf3.o)
                0x0200d8dc                __aeabi_ddiv
                0x0200d64c                __aeabi_dmul
                0x0200d8dc                __divdf3
                0x0200d64c                __muldf3
 .text          0x0200dae8      0x140 /home/near/DevkitPro/devkitARM/bin/../lib/gcc/arm-eabi/4.3.3/thumb/libgcc.a(_cmpdf2.o)
                0x0200dbe0                __aeabi_dcmple
                0x0200daf8                __cmpdf2
                0x0200daf8                __eqdf2
                0x0200dae8                __gtdf2
                0x0200db98                __aeabi_cdcmple
                0x0200db7c                __aeabi_cdrcmple
                0x0200daf0                __ltdf2
                0x0200dbc8                __aeabi_dcmplt
                0x0200daf0                __ledf2
                0x0200dc10                __aeabi_dcmpgt
                0x0200dbf8                __aeabi_dcmpge
                0x0200daf8                __nedf2
                0x0200dbb0                __aeabi_dcmpeq
                0x0200db98                __aeabi_cdcmpeq
                0x0200dae8                __gedf2
 .text          0x0200dc28       0x5c /home/near/DevkitPro/devkitARM/bin/../lib/gcc/arm-eabi/4.3.3/thumb/libgcc.a(_fixdfsi.o)
                0x0200dc28                __fixdfsi
                0x0200dc28                __aeabi_d2iz
 .text          0x0200dc84       0x70 /home/near/DevkitPro/devkitARM/bin/../lib/gcc/arm-eabi/4.3.3/thumb/libgcc.a(_muldi3.o)
                0x0200dc84                __aeabi_lmul
                0x0200dc84                __muldi3
 .text          0x0200dcf4        0xc /home/near/DevkitPro/devkitARM/bin/../lib/gcc/arm-eabi/4.3.3/../../../../arm-eabi/lib/thumb/libg.a(lib_a-errno.o)
                0x0200dcf4                __errno
 .text          0x0200dd00       0x9c /home/near/DevkitPro/devkitARM/bin/../lib/gcc/arm-eabi/4.3.3/../../../../arm-eabi/lib/thumb/libg.a(lib_a-strncmp.o)
                0x0200dd00                strncmp
 .text          0x0200dd9c        0x0 /home/near/DevkitPro/devkitARM/bin/../lib/gcc/arm-eabi/4.3.3/thumb/crtend.o
 .text          0x0200dd9c        0x0 /home/near/DevkitPro/devkitARM/bin/../lib/gcc/arm-eabi/4.3.3/thumb/crtn.o
 *(.text.*)
 *(.stub)
 *(.gnu.warning)
 *(.gnu.linkonce.t*)
 *(.glue_7)
 .glue_7        0x0200dd9c        0x0 /home/near/DevkitPro/devkitARM/bin/../lib/gcc/arm-eabi/4.3.3/../../../../arm-eabi/lib/thumb/ds_arm9_crt0.o
 .glue_7        0x0200dd9c        0x0 /home/near/DevkitPro/devkitARM/bin/../lib/gcc/arm-eabi/4.3.3/thumb/crti.o
 .glue_7        0x0200dd9c        0x0 /home/near/DevkitPro/devkitARM/bin/../lib/gcc/arm-eabi/4.3.3/thumb/crtbegin.o
 .glue_7        0x0200dd9c        0x0 main.o
 .glue_7        0x0200dd9c        0x0 /home/near/DevkitPro/libnds/lib/libnds9.a(background.o)
 .glue_7        0x0200dd9c        0x0 /home/near/DevkitPro/libnds/lib/libnds9.a(console.o)
 .glue_7        0x0200dd9c        0x0 /home/near/DevkitPro/libnds/lib/libnds9.a(initSystem.o)
 .glue_7        0x0200dd9c        0x0 /home/near/DevkitPro/libnds/lib/libnds9.a(keys.o)
 .glue_7        0x0200dd9c        0x0 /home/near/DevkitPro/libnds/lib/libnds9.a(sprite.o)
 .glue_7        0x0200dd9c        0x0 /home/near/DevkitPro/libnds/lib/libnds9.a(sprite_alloc.o)
 .glue_7        0x0200dd9c        0x0 /home/near/DevkitPro/libnds/lib/libnds9.a(system.o)
 .glue_7        0x0200dd9c        0x0 /home/near/DevkitPro/libnds/lib/libnds9.a(trig.o)
 .glue_7        0x0200dd9c        0x0 /home/near/DevkitPro/libnds/lib/libnds9.a(video.o)
 .glue_7        0x0200dd9c        0x0 /home/near/DevkitPro/libnds/lib/libnds9.a(fifosystem.o)
 .glue_7        0x0200dd9c        0x0 /home/near/DevkitPro/libnds/lib/libnds9.a(interrupts.o)
 .glue_7        0x0200dd9c        0x0 /home/near/DevkitPro/libnds/lib/libnds9.a(dcache.o)
 .glue_7        0x0200dd9c        0x0 /home/near/DevkitPro/libnds/lib/libnds9.a(biosCalls.o)
 .glue_7        0x0200dd9c        0x0 /home/near/DevkitPro/libnds/lib/libnds9.a(debugprint.o)
 .glue_7        0x0200dd9c        0x0 /home/near/DevkitPro/libnds/lib/libnds9.a(interruptDispatcher.o)
 .glue_7        0x0200dd9c        0x0 /home/near/DevkitPro/libnds/lib/libnds9.a(default_font.bin.o)
 .glue_7        0x0200dd9c        0x0 /home/near/DevkitPro/devkitARM/bin/../lib/gcc/arm-eabi/4.3.3/thumb/libgcc.a(_divsi3.o)
 .glue_7        0x0200dd9c        0x0 /home/near/DevkitPro/devkitARM/bin/../lib/gcc/arm-eabi/4.3.3/thumb/libgcc.a(_dvmd_tls.o)
 .glue_7        0x0200dd9c        0x0 /home/near/DevkitPro/devkitARM/bin/../lib/gcc/arm-eabi/4.3.3/../../../../arm-eabi/lib/thumb/libg.a(lib_a-bsearch.o)
 .glue_7        0x0200dd9c        0x0 /home/near/DevkitPro/devkitARM/bin/../lib/gcc/arm-eabi/4.3.3/../../../../arm-eabi/lib/thumb/libg.a(lib_a-impure.o)
 .glue_7        0x0200dd9c        0x0 /home/near/DevkitPro/devkitARM/bin/../lib/gcc/arm-eabi/4.3.3/../../../../arm-eabi/lib/thumb/libg.a(lib_a-init.o)
 .glue_7        0x0200dd9c        0x0 /home/near/DevkitPro/devkitARM/bin/../lib/gcc/arm-eabi/4.3.3/../../../../arm-eabi/lib/thumb/libg.a(lib_a-iprintf.o)
 .glue_7        0x0200dd9c        0x0 /home/near/DevkitPro/devkitARM/bin/../lib/gcc/arm-eabi/4.3.3/../../../../arm-eabi/lib/thumb/libg.a(lib_a-malloc.o)
 .glue_7        0x0200dd9c        0x0 /home/near/DevkitPro/devkitARM/bin/../lib/gcc/arm-eabi/4.3.3/../../../../arm-eabi/lib/thumb/libg.a(lib_a-mallocr.o)
 .glue_7        0x0200dd9c        0x0 /home/near/DevkitPro/devkitARM/bin/../lib/gcc/arm-eabi/4.3.3/../../../../arm-eabi/lib/thumb/libg.a(lib_a-memcpy.o)
 .glue_7        0x0200dd9c        0x0 /home/near/DevkitPro/devkitARM/bin/../lib/gcc/arm-eabi/4.3.3/../../../../arm-eabi/lib/thumb/libg.a(lib_a-memset.o)
 .glue_7        0x0200dd9c        0x0 /home/near/DevkitPro/devkitARM/bin/../lib/gcc/arm-eabi/4.3.3/../../../../arm-eabi/lib/thumb/libg.a(lib_a-mlock.o)
 .glue_7        0x0200dd9c        0x0 /home/near/DevkitPro/devkitARM/bin/../lib/gcc/arm-eabi/4.3.3/../../../../arm-eabi/lib/thumb/libg.a(lib_a-rand.o)
 .glue_7        0x0200dd9c        0x0 /home/near/DevkitPro/devkitARM/bin/../lib/gcc/arm-eabi/4.3.3/../../../../arm-eabi/lib/thumb/libg.a(lib_a-realloc.o)
 .glue_7        0x0200dd9c        0x0 /home/near/DevkitPro/devkitARM/bin/../lib/gcc/arm-eabi/4.3.3/../../../../arm-eabi/lib/thumb/libg.a(lib_a-reallocr.o)
 .glue_7        0x0200dd9c        0x0 /home/near/DevkitPro/devkitARM/bin/../lib/gcc/arm-eabi/4.3.3/../../../../arm-eabi/lib/thumb/libg.a(lib_a-setvbuf.o)
 .glue_7        0x0200dd9c        0x0 /home/near/DevkitPro/devkitARM/bin/../lib/gcc/arm-eabi/4.3.3/../../../../arm-eabi/lib/thumb/libg.a(lib_a-siscanf.o)
 .glue_7        0x0200dd9c        0x0 /home/near/DevkitPro/devkitARM/bin/../lib/gcc/arm-eabi/4.3.3/../../../../arm-eabi/lib/thumb/libg.a(lib_a-sprintf.o)
 .glue_7        0x0200dd9c        0x0 /home/near/DevkitPro/devkitARM/bin/../lib/gcc/arm-eabi/4.3.3/../../../../arm-eabi/lib/thumb/libg.a(lib_a-strlen.o)
 .glue_7        0x0200dd9c        0x0 /home/near/DevkitPro/devkitARM/bin/../lib/gcc/arm-eabi/4.3.3/../../../../arm-eabi/lib/thumb/libg.a(lib_a-svfiscanf.o)
 .glue_7        0x0200dd9c        0x0 /home/near/DevkitPro/devkitARM/bin/../lib/gcc/arm-eabi/4.3.3/../../../../arm-eabi/lib/thumb/libg.a(lib_a-svfprintf.o)
 .glue_7        0x0200dd9c        0x0 /home/near/DevkitPro/devkitARM/bin/../lib/gcc/arm-eabi/4.3.3/../../../../arm-eabi/lib/thumb/libg.a(lib_a-time.o)
 .glue_7        0x0200dd9c        0x0 /home/near/DevkitPro/devkitARM/bin/../lib/gcc/arm-eabi/4.3.3/../../../../arm-eabi/lib/thumb/libg.a(lib_a-ungetc.o)
 .glue_7        0x0200dd9c        0x0 /home/near/DevkitPro/devkitARM/bin/../lib/gcc/arm-eabi/4.3.3/../../../../arm-eabi/lib/thumb/libg.a(lib_a-vfiprintf.o)
 .glue_7        0x0200dd9c        0x0 /home/near/DevkitPro/devkitARM/bin/../lib/gcc/arm-eabi/4.3.3/../../../../arm-eabi/lib/thumb/libg.a(lib_a-wcrtomb.o)
 .glue_7        0x0200dd9c        0x0 /home/near/DevkitPro/devkitARM/bin/../lib/gcc/arm-eabi/4.3.3/../../../../arm-eabi/lib/thumb/libg.a(lib_a-wcsrtombs.o)
 .glue_7        0x0200dd9c        0x0 /home/near/DevkitPro/devkitARM/bin/../lib/gcc/arm-eabi/4.3.3/../../../../arm-eabi/lib/thumb/libg.a(lib_a-wctomb_r.o)
 .glue_7        0x0200dd9c        0x0 /home/near/DevkitPro/devkitARM/bin/../lib/gcc/arm-eabi/4.3.3/../../../../arm-eabi/lib/thumb/libg.a(lib_a-wsetup.o)
 .glue_7        0x0200dd9c        0x0 /home/near/DevkitPro/devkitARM/bin/../lib/gcc/arm-eabi/4.3.3/../../../../arm-eabi/lib/thumb/libg.a(lib_a-ctype_.o)
 .glue_7        0x0200dd9c        0x0 /home/near/DevkitPro/devkitARM/bin/../lib/gcc/arm-eabi/4.3.3/../../../../arm-eabi/lib/thumb/libg.a(lib_a-dtoa.o)
 .glue_7        0x0200dd9c        0x0 /home/near/DevkitPro/devkitARM/bin/../lib/gcc/arm-eabi/4.3.3/../../../../arm-eabi/lib/thumb/libg.a(lib_a-fflush.o)
 .glue_7        0x0200dd9c        0x0 /home/near/DevkitPro/devkitARM/bin/../lib/gcc/arm-eabi/4.3.3/../../../../arm-eabi/lib/thumb/libg.a(lib_a-findfp.o)
 .glue_7        0x0200dd9c        0x0 /home/near/DevkitPro/devkitARM/bin/../lib/gcc/arm-eabi/4.3.3/../../../../arm-eabi/lib/thumb/libg.a(lib_a-freer.o)
 .glue_7        0x0200dd9c        0x0 /home/near/DevkitPro/devkitARM/bin/../lib/gcc/arm-eabi/4.3.3/../../../../arm-eabi/lib/thumb/libg.a(lib_a-fvwrite.o)
 .glue_7        0x0200dd9c        0x0 /home/near/DevkitPro/devkitARM/bin/../lib/gcc/arm-eabi/4.3.3/../../../../arm-eabi/lib/thumb/libg.a(lib_a-fwalk.o)
 .glue_7        0x0200dd9c        0x0 /home/near/DevkitPro/devkitARM/bin/../lib/gcc/arm-eabi/4.3.3/../../../../arm-eabi/lib/thumb/libg.a(lib_a-iswspace.o)
 .glue_7        0x0200dd9c        0x0 /home/near/DevkitPro/devkitARM/bin/../lib/gcc/arm-eabi/4.3.3/../../../../arm-eabi/lib/thumb/libg.a(lib_a-jp2uc.o)
 .glue_7        0x0200dd9c        0x0 /home/near/DevkitPro/devkitARM/bin/../lib/gcc/arm-eabi/4.3.3/../../../../arm-eabi/lib/thumb/libg.a(lib_a-locale.o)
 .glue_7        0x0200dd9c        0x0 /home/near/DevkitPro/devkitARM/bin/../lib/gcc/arm-eabi/4.3.3/../../../../arm-eabi/lib/thumb/libg.a(lib_a-makebuf.o)
 .glue_7        0x0200dd9c        0x0 /home/near/DevkitPro/devkitARM/bin/../lib/gcc/arm-eabi/4.3.3/../../../../arm-eabi/lib/thumb/libg.a(lib_a-mbrtowc.o)
 .glue_7        0x0200dd9c        0x0 /home/near/DevkitPro/devkitARM/bin/../lib/gcc/arm-eabi/4.3.3/../../../../arm-eabi/lib/thumb/libg.a(lib_a-mbtowc_r.o)
 .glue_7        0x0200dd9c        0x0 /home/near/DevkitPro/devkitARM/bin/../lib/gcc/arm-eabi/4.3.3/../../../../arm-eabi/lib/thumb/libg.a(lib_a-memchr.o)
 .glue_7        0x0200dd9c        0x0 /home/near/DevkitPro/devkitARM/bin/../lib/gcc/arm-eabi/4.3.3/../../../../arm-eabi/lib/thumb/libg.a(lib_a-memmove.o)
 .glue_7        0x0200dd9c        0x0 /home/near/DevkitPro/devkitARM/bin/../lib/gcc/arm-eabi/4.3.3/../../../../arm-eabi/lib/thumb/libg.a(lib_a-mprec.o)
 .glue_7        0x0200dd9c        0x0 /home/near/DevkitPro/devkitARM/bin/../lib/gcc/arm-eabi/4.3.3/../../../../arm-eabi/lib/thumb/libg.a(lib_a-s_isinfd.o)
 .glue_7        0x0200dd9c        0x0 /home/near/DevkitPro/devkitARM/bin/../lib/gcc/arm-eabi/4.3.3/../../../../arm-eabi/lib/thumb/libg.a(lib_a-s_isnand.o)
 .glue_7        0x0200dd9c        0x0 /home/near/DevkitPro/devkitARM/bin/../lib/gcc/arm-eabi/4.3.3/../../../../arm-eabi/lib/thumb/libg.a(lib_a-sccl.o)
 .glue_7        0x0200dd9c        0x0 /home/near/DevkitPro/devkitARM/bin/../lib/gcc/arm-eabi/4.3.3/../../../../arm-eabi/lib/thumb/libg.a(lib_a-stdio.o)
 .glue_7        0x0200dd9c        0x0 /home/near/DevkitPro/devkitARM/bin/../lib/gcc/arm-eabi/4.3.3/../../../../arm-eabi/lib/thumb/libg.a(lib_a-strcmp.o)
 .glue_7        0x0200dd9c        0x0 /home/near/DevkitPro/devkitARM/bin/../lib/gcc/arm-eabi/4.3.3/../../../../arm-eabi/lib/thumb/libg.a(lib_a-strcpy.o)
 .glue_7        0x0200dd9c        0x0 /home/near/DevkitPro/devkitARM/bin/../lib/gcc/arm-eabi/4.3.3/../../../../arm-eabi/lib/thumb/libg.a(lib_a-strtol.o)
 .glue_7        0x0200dd9c        0x0 /home/near/DevkitPro/devkitARM/bin/../lib/gcc/arm-eabi/4.3.3/../../../../arm-eabi/lib/thumb/libg.a(lib_a-strtoul.o)
 .glue_7        0x0200dd9c        0x0 /home/near/DevkitPro/devkitARM/bin/../lib/gcc/arm-eabi/4.3.3/../../../../arm-eabi/lib/thumb/libg.a(lib_a-callocr.o)
 .glue_7        0x0200dd9c        0x0 /home/near/DevkitPro/devkitARM/bin/../lib/gcc/arm-eabi/4.3.3/../../../../arm-eabi/lib/thumb/libg.a(lib_a-fclose.o)
 .glue_7        0x0200dd9c        0x0 /home/near/DevkitPro/devkitARM/bin/../lib/gcc/arm-eabi/4.3.3/../../../../arm-eabi/lib/thumb/libsysbase.a(iosupport.o)
 .glue_7        0x0200dd9c        0x0 /home/near/DevkitPro/devkitARM/bin/../lib/gcc/arm-eabi/4.3.3/../../../../arm-eabi/lib/thumb/libsysbase.a(close.o)
 .glue_7        0x0200dd9c        0x0 /home/near/DevkitPro/devkitARM/bin/../lib/gcc/arm-eabi/4.3.3/../../../../arm-eabi/lib/thumb/libsysbase.a(fstat.o)
 .glue_7        0x0200dd9c        0x0 /home/near/DevkitPro/devkitARM/bin/../lib/gcc/arm-eabi/4.3.3/../../../../arm-eabi/lib/thumb/libsysbase.a(isatty.o)
 .glue_7        0x0200dd9c        0x0 /home/near/DevkitPro/devkitARM/bin/../lib/gcc/arm-eabi/4.3.3/../../../../arm-eabi/lib/thumb/libsysbase.a(lseek.o)
 .glue_7        0x0200dd9c        0x0 /home/near/DevkitPro/devkitARM/bin/../lib/gcc/arm-eabi/4.3.3/../../../../arm-eabi/lib/thumb/libsysbase.a(read.o)
 .glue_7        0x0200dd9c        0x0 /home/near/DevkitPro/devkitARM/bin/../lib/gcc/arm-eabi/4.3.3/../../../../arm-eabi/lib/thumb/libsysbase.a(sbrk.o)
 .glue_7        0x0200dd9c        0x0 /home/near/DevkitPro/devkitARM/bin/../lib/gcc/arm-eabi/4.3.3/../../../../arm-eabi/lib/thumb/libsysbase.a(times.o)
 .glue_7        0x0200dd9c        0x0 /home/near/DevkitPro/devkitARM/bin/../lib/gcc/arm-eabi/4.3.3/../../../../arm-eabi/lib/thumb/libsysbase.a(write.o)
 .glue_7        0x0200dd9c        0x0 /home/near/DevkitPro/devkitARM/bin/../lib/gcc/arm-eabi/4.3.3/../../../../arm-eabi/lib/thumb/libsysbase.a(malloc_vars.o)
 .glue_7        0x0200dd9c        0x0 /home/near/DevkitPro/devkitARM/bin/../lib/gcc/arm-eabi/4.3.3/../../../../arm-eabi/lib/thumb/libsysbase.a(build_argv.o)
 .glue_7        0x0200dd9c        0x0 /home/near/DevkitPro/devkitARM/bin/../lib/gcc/arm-eabi/4.3.3/../../../../arm-eabi/lib/thumb/libsysbase.a(handle_manager.o)
 .glue_7        0x0200dd9c        0x0 /home/near/DevkitPro/devkitARM/bin/../lib/gcc/arm-eabi/4.3.3/thumb/libgcc.a(_udivsi3.o)
 .glue_7        0x0200dd9c        0x0 /home/near/DevkitPro/devkitARM/bin/../lib/gcc/arm-eabi/4.3.3/thumb/libgcc.a(_addsubdf3.o)
 .glue_7        0x0200dd9c        0x0 /home/near/DevkitPro/devkitARM/bin/../lib/gcc/arm-eabi/4.3.3/thumb/libgcc.a(_muldivdf3.o)
 .glue_7        0x0200dd9c        0x0 /home/near/DevkitPro/devkitARM/bin/../lib/gcc/arm-eabi/4.3.3/thumb/libgcc.a(_cmpdf2.o)
 .glue_7        0x0200dd9c        0x0 /home/near/DevkitPro/devkitARM/bin/../lib/gcc/arm-eabi/4.3.3/thumb/libgcc.a(_fixdfsi.o)
 .glue_7        0x0200dd9c        0x0 /home/near/DevkitPro/devkitARM/bin/../lib/gcc/arm-eabi/4.3.3/thumb/libgcc.a(_muldi3.o)
 .glue_7        0x0200dd9c        0x0 /home/near/DevkitPro/devkitARM/bin/../lib/gcc/arm-eabi/4.3.3/../../../../arm-eabi/lib/thumb/libg.a(lib_a-errno.o)
 .glue_7        0x0200dd9c        0x0 /home/near/DevkitPro/devkitARM/bin/../lib/gcc/arm-eabi/4.3.3/../../../../arm-eabi/lib/thumb/libg.a(lib_a-strncmp.o)
 .glue_7        0x0200dd9c        0x0 /home/near/DevkitPro/devkitARM/bin/../lib/gcc/arm-eabi/4.3.3/thumb/crtend.o
 .glue_7        0x0200dd9c        0x0 /home/near/DevkitPro/devkitARM/bin/../lib/gcc/arm-eabi/4.3.3/thumb/crtn.o
 *(.glue_7t)
 .glue_7t       0x0200dd9c        0x0 /home/near/DevkitPro/devkitARM/bin/../lib/gcc/arm-eabi/4.3.3/../../../../arm-eabi/lib/thumb/ds_arm9_crt0.o
 .glue_7t       0x0200dd9c        0x0 /home/near/DevkitPro/devkitARM/bin/../lib/gcc/arm-eabi/4.3.3/thumb/crti.o
 .glue_7t       0x0200dd9c        0x0 /home/near/DevkitPro/devkitARM/bin/../lib/gcc/arm-eabi/4.3.3/thumb/crtbegin.o
 .glue_7t       0x0200dd9c        0x0 main.o
 .glue_7t       0x0200dd9c        0x0 /home/near/DevkitPro/libnds/lib/libnds9.a(background.o)
 .glue_7t       0x0200dd9c        0x0 /home/near/DevkitPro/libnds/lib/libnds9.a(console.o)
 .glue_7t       0x0200dd9c        0x0 /home/near/DevkitPro/libnds/lib/libnds9.a(initSystem.o)
 .glue_7t       0x0200dd9c        0x0 /home/near/DevkitPro/libnds/lib/libnds9.a(keys.o)
 .glue_7t       0x0200dd9c        0x0 /home/near/DevkitPro/libnds/lib/libnds9.a(sprite.o)
 .glue_7t       0x0200dd9c        0x0 /home/near/DevkitPro/libnds/lib/libnds9.a(sprite_alloc.o)
 .glue_7t       0x0200dd9c        0x0 /home/near/DevkitPro/libnds/lib/libnds9.a(system.o)
 .glue_7t       0x0200dd9c        0x0 /home/near/DevkitPro/libnds/lib/libnds9.a(trig.o)
 .glue_7t       0x0200dd9c        0x0 /home/near/DevkitPro/libnds/lib/libnds9.a(video.o)
 .glue_7t       0x0200dd9c        0x0 /home/near/DevkitPro/libnds/lib/libnds9.a(fifosystem.o)
 .glue_7t       0x0200dd9c        0x0 /home/near/DevkitPro/libnds/lib/libnds9.a(interrupts.o)
 .glue_7t       0x0200dd9c        0x0 /home/near/DevkitPro/libnds/lib/libnds9.a(dcache.o)
 .glue_7t       0x0200dd9c        0x0 /home/near/DevkitPro/libnds/lib/libnds9.a(biosCalls.o)
 .glue_7t       0x0200dd9c        0x0 /home/near/DevkitPro/libnds/lib/libnds9.a(debugprint.o)
 .glue_7t       0x0200dd9c        0x0 /home/near/DevkitPro/libnds/lib/libnds9.a(interruptDispatcher.o)
 .glue_7t       0x0200dd9c        0x0 /home/near/DevkitPro/libnds/lib/libnds9.a(default_font.bin.o)
 .glue_7t       0x0200dd9c        0x0 /home/near/DevkitPro/devkitARM/bin/../lib/gcc/arm-eabi/4.3.3/thumb/libgcc.a(_divsi3.o)
 .glue_7t       0x0200dd9c        0x0 /home/near/DevkitPro/devkitARM/bin/../lib/gcc/arm-eabi/4.3.3/thumb/libgcc.a(_dvmd_tls.o)
 .glue_7t       0x0200dd9c        0x0 /home/near/DevkitPro/devkitARM/bin/../lib/gcc/arm-eabi/4.3.3/../../../../arm-eabi/lib/thumb/libg.a(lib_a-bsearch.o)
 .glue_7t       0x0200dd9c        0x0 /home/near/DevkitPro/devkitARM/bin/../lib/gcc/arm-eabi/4.3.3/../../../../arm-eabi/lib/thumb/libg.a(lib_a-impure.o)
 .glue_7t       0x0200dd9c        0x0 /home/near/DevkitPro/devkitARM/bin/../lib/gcc/arm-eabi/4.3.3/../../../../arm-eabi/lib/thumb/libg.a(lib_a-init.o)
 .glue_7t       0x0200dd9c        0x0 /home/near/DevkitPro/devkitARM/bin/../lib/gcc/arm-eabi/4.3.3/../../../../arm-eabi/lib/thumb/libg.a(lib_a-iprintf.o)
 .glue_7t       0x0200dd9c        0x0 /home/near/DevkitPro/devkitARM/bin/../lib/gcc/arm-eabi/4.3.3/../../../../arm-eabi/lib/thumb/libg.a(lib_a-malloc.o)
 .glue_7t       0x0200dd9c        0x0 /home/near/DevkitPro/devkitARM/bin/../lib/gcc/arm-eabi/4.3.3/../../../../arm-eabi/lib/thumb/libg.a(lib_a-mallocr.o)
 .glue_7t       0x0200dd9c        0x0 /home/near/DevkitPro/devkitARM/bin/../lib/gcc/arm-eabi/4.3.3/../../../../arm-eabi/lib/thumb/libg.a(lib_a-memcpy.o)
 .glue_7t       0x0200dd9c        0x0 /home/near/DevkitPro/devkitARM/bin/../lib/gcc/arm-eabi/4.3.3/../../../../arm-eabi/lib/thumb/libg.a(lib_a-memset.o)
 .glue_7t       0x0200dd9c        0x0 /home/near/DevkitPro/devkitARM/bin/../lib/gcc/arm-eabi/4.3.3/../../../../arm-eabi/lib/thumb/libg.a(lib_a-mlock.o)
 .glue_7t       0x0200dd9c        0x0 /home/near/DevkitPro/devkitARM/bin/../lib/gcc/arm-eabi/4.3.3/../../../../arm-eabi/lib/thumb/libg.a(lib_a-rand.o)
 .glue_7t       0x0200dd9c        0x0 /home/near/DevkitPro/devkitARM/bin/../lib/gcc/arm-eabi/4.3.3/../../../../arm-eabi/lib/thumb/libg.a(lib_a-realloc.o)
 .glue_7t       0x0200dd9c        0x0 /home/near/DevkitPro/devkitARM/bin/../lib/gcc/arm-eabi/4.3.3/../../../../arm-eabi/lib/thumb/libg.a(lib_a-reallocr.o)
 .glue_7t       0x0200dd9c        0x0 /home/near/DevkitPro/devkitARM/bin/../lib/gcc/arm-eabi/4.3.3/../../../../arm-eabi/lib/thumb/libg.a(lib_a-setvbuf.o)
 .glue_7t       0x0200dd9c        0x0 /home/near/DevkitPro/devkitARM/bin/../lib/gcc/arm-eabi/4.3.3/../../../../arm-eabi/lib/thumb/libg.a(lib_a-siscanf.o)
 .glue_7t       0x0200dd9c        0x0 /home/near/DevkitPro/devkitARM/bin/../lib/gcc/arm-eabi/4.3.3/../../../../arm-eabi/lib/thumb/libg.a(lib_a-sprintf.o)
 .glue_7t       0x0200dd9c        0x0 /home/near/DevkitPro/devkitARM/bin/../lib/gcc/arm-eabi/4.3.3/../../../../arm-eabi/lib/thumb/libg.a(lib_a-strlen.o)
 .glue_7t       0x0200dd9c        0x0 /home/near/DevkitPro/devkitARM/bin/../lib/gcc/arm-eabi/4.3.3/../../../../arm-eabi/lib/thumb/libg.a(lib_a-svfiscanf.o)
 .glue_7t       0x0200dd9c        0x0 /home/near/DevkitPro/devkitARM/bin/../lib/gcc/arm-eabi/4.3.3/../../../../arm-eabi/lib/thumb/libg.a(lib_a-svfprintf.o)
 .glue_7t       0x0200dd9c        0x0 /home/near/DevkitPro/devkitARM/bin/../lib/gcc/arm-eabi/4.3.3/../../../../arm-eabi/lib/thumb/libg.a(lib_a-time.o)
 .glue_7t       0x0200dd9c        0x0 /home/near/DevkitPro/devkitARM/bin/../lib/gcc/arm-eabi/4.3.3/../../../../arm-eabi/lib/thumb/libg.a(lib_a-ungetc.o)
 .glue_7t       0x0200dd9c        0x0 /home/near/DevkitPro/devkitARM/bin/../lib/gcc/arm-eabi/4.3.3/../../../../arm-eabi/lib/thumb/libg.a(lib_a-vfiprintf.o)
 .glue_7t       0x0200dd9c        0x0 /home/near/DevkitPro/devkitARM/bin/../lib/gcc/arm-eabi/4.3.3/../../../../arm-eabi/lib/thumb/libg.a(lib_a-wcrtomb.o)
 .glue_7t       0x0200dd9c        0x0 /home/near/DevkitPro/devkitARM/bin/../lib/gcc/arm-eabi/4.3.3/../../../../arm-eabi/lib/thumb/libg.a(lib_a-wcsrtombs.o)
 .glue_7t       0x0200dd9c        0x0 /home/near/DevkitPro/devkitARM/bin/../lib/gcc/arm-eabi/4.3.3/../../../../arm-eabi/lib/thumb/libg.a(lib_a-wctomb_r.o)
 .glue_7t       0x0200dd9c        0x0 /home/near/DevkitPro/devkitARM/bin/../lib/gcc/arm-eabi/4.3.3/../../../../arm-eabi/lib/thumb/libg.a(lib_a-wsetup.o)
 .glue_7t       0x0200dd9c        0x0 /home/near/DevkitPro/devkitARM/bin/../lib/gcc/arm-eabi/4.3.3/../../../../arm-eabi/lib/thumb/libg.a(lib_a-ctype_.o)
 .glue_7t       0x0200dd9c        0x0 /home/near/DevkitPro/devkitARM/bin/../lib/gcc/arm-eabi/4.3.3/../../../../arm-eabi/lib/thumb/libg.a(lib_a-dtoa.o)
 .glue_7t       0x0200dd9c        0x0 /home/near/DevkitPro/devkitARM/bin/../lib/gcc/arm-eabi/4.3.3/../../../../arm-eabi/lib/thumb/libg.a(lib_a-fflush.o)
 .glue_7t       0x0200dd9c        0x0 /home/near/DevkitPro/devkitARM/bin/../lib/gcc/arm-eabi/4.3.3/../../../../arm-eabi/lib/thumb/libg.a(lib_a-findfp.o)
 .glue_7t       0x0200dd9c        0x0 /home/near/DevkitPro/devkitARM/bin/../lib/gcc/arm-eabi/4.3.3/../../../../arm-eabi/lib/thumb/libg.a(lib_a-freer.o)
 .glue_7t       0x0200dd9c        0x0 /home/near/DevkitPro/devkitARM/bin/../lib/gcc/arm-eabi/4.3.3/../../../../arm-eabi/lib/thumb/libg.a(lib_a-fvwrite.o)
 .glue_7t       0x0200dd9c        0x0 /home/near/DevkitPro/devkitARM/bin/../lib/gcc/arm-eabi/4.3.3/../../../../arm-eabi/lib/thumb/libg.a(lib_a-fwalk.o)
 .glue_7t       0x0200dd9c        0x0 /home/near/DevkitPro/devkitARM/bin/../lib/gcc/arm-eabi/4.3.3/../../../../arm-eabi/lib/thumb/libg.a(lib_a-iswspace.o)
 .glue_7t       0x0200dd9c        0x0 /home/near/DevkitPro/devkitARM/bin/../lib/gcc/arm-eabi/4.3.3/../../../../arm-eabi/lib/thumb/libg.a(lib_a-jp2uc.o)
 .glue_7t       0x0200dd9c        0x0 /home/near/DevkitPro/devkitARM/bin/../lib/gcc/arm-eabi/4.3.3/../../../../arm-eabi/lib/thumb/libg.a(lib_a-locale.o)
 .glue_7t       0x0200dd9c        0x0 /home/near/DevkitPro/devkitARM/bin/../lib/gcc/arm-eabi/4.3.3/../../../../arm-eabi/lib/thumb/libg.a(lib_a-makebuf.o)
 .glue_7t       0x0200dd9c        0x0 /home/near/DevkitPro/devkitARM/bin/../lib/gcc/arm-eabi/4.3.3/../../../../arm-eabi/lib/thumb/libg.a(lib_a-mbrtowc.o)
 .glue_7t       0x0200dd9c        0x0 /home/near/DevkitPro/devkitARM/bin/../lib/gcc/arm-eabi/4.3.3/../../../../arm-eabi/lib/thumb/libg.a(lib_a-mbtowc_r.o)
 .glue_7t       0x0200dd9c        0x0 /home/near/DevkitPro/devkitARM/bin/../lib/gcc/arm-eabi/4.3.3/../../../../arm-eabi/lib/thumb/libg.a(lib_a-memchr.o)
 .glue_7t       0x0200dd9c        0x0 /home/near/DevkitPro/devkitARM/bin/../lib/gcc/arm-eabi/4.3.3/../../../../arm-eabi/lib/thumb/libg.a(lib_a-memmove.o)
 .glue_7t       0x0200dd9c        0x0 /home/near/DevkitPro/devkitARM/bin/../lib/gcc/arm-eabi/4.3.3/../../../../arm-eabi/lib/thumb/libg.a(lib_a-mprec.o)
 .glue_7t       0x0200dd9c        0x0 /home/near/DevkitPro/devkitARM/bin/../lib/gcc/arm-eabi/4.3.3/../../../../arm-eabi/lib/thumb/libg.a(lib_a-s_isinfd.o)
 .glue_7t       0x0200dd9c        0x0 /home/near/DevkitPro/devkitARM/bin/../lib/gcc/arm-eabi/4.3.3/../../../../arm-eabi/lib/thumb/libg.a(lib_a-s_isnand.o)
 .glue_7t       0x0200dd9c        0x0 /home/near/DevkitPro/devkitARM/bin/../lib/gcc/arm-eabi/4.3.3/../../../../arm-eabi/lib/thumb/libg.a(lib_a-sccl.o)
 .glue_7t       0x0200dd9c        0x0 /home/near/DevkitPro/devkitARM/bin/../lib/gcc/arm-eabi/4.3.3/../../../../arm-eabi/lib/thumb/libg.a(lib_a-stdio.o)
 .glue_7t       0x0200dd9c        0x0 /home/near/DevkitPro/devkitARM/bin/../lib/gcc/arm-eabi/4.3.3/../../../../arm-eabi/lib/thumb/libg.a(lib_a-strcmp.o)
 .glue_7t       0x0200dd9c        0x0 /home/near/DevkitPro/devkitARM/bin/../lib/gcc/arm-eabi/4.3.3/../../../../arm-eabi/lib/thumb/libg.a(lib_a-strcpy.o)
 .glue_7t       0x0200dd9c        0x0 /home/near/DevkitPro/devkitARM/bin/../lib/gcc/arm-eabi/4.3.3/../../../../arm-eabi/lib/thumb/libg.a(lib_a-strtol.o)
 .glue_7t       0x0200dd9c        0x0 /home/near/DevkitPro/devkitARM/bin/../lib/gcc/arm-eabi/4.3.3/../../../../arm-eabi/lib/thumb/libg.a(lib_a-strtoul.o)
 .glue_7t       0x0200dd9c        0x0 /home/near/DevkitPro/devkitARM/bin/../lib/gcc/arm-eabi/4.3.3/../../../../arm-eabi/lib/thumb/libg.a(lib_a-callocr.o)
 .glue_7t       0x0200dd9c        0x0 /home/near/DevkitPro/devkitARM/bin/../lib/gcc/arm-eabi/4.3.3/../../../../arm-eabi/lib/thumb/libg.a(lib_a-fclose.o)
 .glue_7t       0x0200dd9c        0x0 /home/near/DevkitPro/devkitARM/bin/../lib/gcc/arm-eabi/4.3.3/../../../../arm-eabi/lib/thumb/libsysbase.a(iosupport.o)
 .glue_7t       0x0200dd9c        0x0 /home/near/DevkitPro/devkitARM/bin/../lib/gcc/arm-eabi/4.3.3/../../../../arm-eabi/lib/thumb/libsysbase.a(close.o)
 .glue_7t       0x0200dd9c        0x0 /home/near/DevkitPro/devkitARM/bin/../lib/gcc/arm-eabi/4.3.3/../../../../arm-eabi/lib/thumb/libsysbase.a(fstat.o)
 .glue_7t       0x0200dd9c        0x0 /home/near/DevkitPro/devkitARM/bin/../lib/gcc/arm-eabi/4.3.3/../../../../arm-eabi/lib/thumb/libsysbase.a(isatty.o)
 .glue_7t       0x0200dd9c        0x0 /home/near/DevkitPro/devkitARM/bin/../lib/gcc/arm-eabi/4.3.3/../../../../arm-eabi/lib/thumb/libsysbase.a(lseek.o)
 .glue_7t       0x0200dd9c        0x0 /home/near/DevkitPro/devkitARM/bin/../lib/gcc/arm-eabi/4.3.3/../../../../arm-eabi/lib/thumb/libsysbase.a(read.o)
 .glue_7t       0x0200dd9c        0x0 /home/near/DevkitPro/devkitARM/bin/../lib/gcc/arm-eabi/4.3.3/../../../../arm-eabi/lib/thumb/libsysbase.a(sbrk.o)
 .glue_7t       0x0200dd9c        0x0 /home/near/DevkitPro/devkitARM/bin/../lib/gcc/arm-eabi/4.3.3/../../../../arm-eabi/lib/thumb/libsysbase.a(times.o)
 .glue_7t       0x0200dd9c        0x0 /home/near/DevkitPro/devkitARM/bin/../lib/gcc/arm-eabi/4.3.3/../../../../arm-eabi/lib/thumb/libsysbase.a(write.o)
 .glue_7t       0x0200dd9c        0x0 /home/near/DevkitPro/devkitARM/bin/../lib/gcc/arm-eabi/4.3.3/../../../../arm-eabi/lib/thumb/libsysbase.a(malloc_vars.o)
 .glue_7t       0x0200dd9c        0x0 /home/near/DevkitPro/devkitARM/bin/../lib/gcc/arm-eabi/4.3.3/../../../../arm-eabi/lib/thumb/libsysbase.a(build_argv.o)
 .glue_7t       0x0200dd9c        0x0 /home/near/DevkitPro/devkitARM/bin/../lib/gcc/arm-eabi/4.3.3/../../../../arm-eabi/lib/thumb/libsysbase.a(handle_manager.o)
 .glue_7t       0x0200dd9c        0x0 /home/near/DevkitPro/devkitARM/bin/../lib/gcc/arm-eabi/4.3.3/thumb/libgcc.a(_udivsi3.o)
 .glue_7t       0x0200dd9c        0x0 /home/near/DevkitPro/devkitARM/bin/../lib/gcc/arm-eabi/4.3.3/thumb/libgcc.a(_addsubdf3.o)
 .glue_7t       0x0200dd9c        0x0 /home/near/DevkitPro/devkitARM/bin/../lib/gcc/arm-eabi/4.3.3/thumb/libgcc.a(_muldivdf3.o)
 .glue_7t       0x0200dd9c        0x0 /home/near/DevkitPro/devkitARM/bin/../lib/gcc/arm-eabi/4.3.3/thumb/libgcc.a(_cmpdf2.o)
 .glue_7t       0x0200dd9c        0x0 /home/near/DevkitPro/devkitARM/bin/../lib/gcc/arm-eabi/4.3.3/thumb/libgcc.a(_fixdfsi.o)
 .glue_7t       0x0200dd9c        0x0 /home/near/DevkitPro/devkitARM/bin/../lib/gcc/arm-eabi/4.3.3/thumb/libgcc.a(_muldi3.o)
 .glue_7t       0x0200dd9c        0x0 /home/near/DevkitPro/devkitARM/bin/../lib/gcc/arm-eabi/4.3.3/../../../../arm-eabi/lib/thumb/libg.a(lib_a-errno.o)
 .glue_7t       0x0200dd9c        0x0 /home/near/DevkitPro/devkitARM/bin/../lib/gcc/arm-eabi/4.3.3/../../../../arm-eabi/lib/thumb/libg.a(lib_a-strncmp.o)
 .glue_7t       0x0200dd9c        0x0 /home/near/DevkitPro/devkitARM/bin/../lib/gcc/arm-eabi/4.3.3/thumb/crtend.o
 .glue_7t       0x0200dd9c        0x0 /home/near/DevkitPro/devkitARM/bin/../lib/gcc/arm-eabi/4.3.3/thumb/crtn.o
                0x0200dd9c                . = ALIGN (0x4)

.vfp11_veneer   0x00000000        0x0
 .vfp11_veneer  0x00000000        0x0 /home/near/DevkitPro/devkitARM/bin/../lib/gcc/arm-eabi/4.3.3/../../../../arm-eabi/lib/thumb/ds_arm9_crt0.o
 .vfp11_veneer  0x00000000        0x0 /home/near/DevkitPro/devkitARM/bin/../lib/gcc/arm-eabi/4.3.3/thumb/crti.o
 .vfp11_veneer  0x00000000        0x0 /home/near/DevkitPro/devkitARM/bin/../lib/gcc/arm-eabi/4.3.3/thumb/crtbegin.o
 .vfp11_veneer  0x00000000        0x0 main.o
 .vfp11_veneer  0x00000000        0x0 /home/near/DevkitPro/libnds/lib/libnds9.a(background.o)
 .vfp11_veneer  0x00000000        0x0 /home/near/DevkitPro/libnds/lib/libnds9.a(console.o)
 .vfp11_veneer  0x00000000        0x0 /home/near/DevkitPro/libnds/lib/libnds9.a(initSystem.o)
 .vfp11_veneer  0x00000000        0x0 /home/near/DevkitPro/libnds/lib/libnds9.a(keys.o)
 .vfp11_veneer  0x00000000        0x0 /home/near/DevkitPro/libnds/lib/libnds9.a(sprite.o)
 .vfp11_veneer  0x00000000        0x0 /home/near/DevkitPro/libnds/lib/libnds9.a(sprite_alloc.o)
 .vfp11_veneer  0x00000000        0x0 /home/near/DevkitPro/libnds/lib/libnds9.a(system.o)
 .vfp11_veneer  0x00000000        0x0 /home/near/DevkitPro/libnds/lib/libnds9.a(trig.o)
 .vfp11_veneer  0x00000000        0x0 /home/near/DevkitPro/libnds/lib/libnds9.a(video.o)
 .vfp11_veneer  0x00000000        0x0 /home/near/DevkitPro/libnds/lib/libnds9.a(fifosystem.o)
 .vfp11_veneer  0x00000000        0x0 /home/near/DevkitPro/libnds/lib/libnds9.a(interrupts.o)
 .vfp11_veneer  0x00000000        0x0 /home/near/DevkitPro/libnds/lib/libnds9.a(dcache.o)
 .vfp11_veneer  0x00000000        0x0 /home/near/DevkitPro/libnds/lib/libnds9.a(biosCalls.o)
 .vfp11_veneer  0x00000000        0x0 /home/near/DevkitPro/libnds/lib/libnds9.a(debugprint.o)
 .vfp11_veneer  0x00000000        0x0 /home/near/DevkitPro/libnds/lib/libnds9.a(interruptDispatcher.o)
 .vfp11_veneer  0x00000000        0x0 /home/near/DevkitPro/libnds/lib/libnds9.a(default_font.bin.o)
 .vfp11_veneer  0x00000000        0x0 /home/near/DevkitPro/devkitARM/bin/../lib/gcc/arm-eabi/4.3.3/thumb/libgcc.a(_divsi3.o)
 .vfp11_veneer  0x00000000        0x0 /home/near/DevkitPro/devkitARM/bin/../lib/gcc/arm-eabi/4.3.3/thumb/libgcc.a(_dvmd_tls.o)
 .vfp11_veneer  0x00000000        0x0 /home/near/DevkitPro/devkitARM/bin/../lib/gcc/arm-eabi/4.3.3/../../../../arm-eabi/lib/thumb/libg.a(lib_a-bsearch.o)
 .vfp11_veneer  0x00000000        0x0 /home/near/DevkitPro/devkitARM/bin/../lib/gcc/arm-eabi/4.3.3/../../../../arm-eabi/lib/thumb/libg.a(lib_a-impure.o)
 .vfp11_veneer  0x00000000        0x0 /home/near/DevkitPro/devkitARM/bin/../lib/gcc/arm-eabi/4.3.3/../../../../arm-eabi/lib/thumb/libg.a(lib_a-init.o)
 .vfp11_veneer  0x00000000        0x0 /home/near/DevkitPro/devkitARM/bin/../lib/gcc/arm-eabi/4.3.3/../../../../arm-eabi/lib/thumb/libg.a(lib_a-iprintf.o)
 .vfp11_veneer  0x00000000        0x0 /home/near/DevkitPro/devkitARM/bin/../lib/gcc/arm-eabi/4.3.3/../../../../arm-eabi/lib/thumb/libg.a(lib_a-malloc.o)
 .vfp11_veneer  0x00000000        0x0 /home/near/DevkitPro/devkitARM/bin/../lib/gcc/arm-eabi/4.3.3/../../../../arm-eabi/lib/thumb/libg.a(lib_a-mallocr.o)
 .vfp11_veneer  0x00000000        0x0 /home/near/DevkitPro/devkitARM/bin/../lib/gcc/arm-eabi/4.3.3/../../../../arm-eabi/lib/thumb/libg.a(lib_a-memcpy.o)
 .vfp11_veneer  0x00000000        0x0 /home/near/DevkitPro/devkitARM/bin/../lib/gcc/arm-eabi/4.3.3/../../../../arm-eabi/lib/thumb/libg.a(lib_a-memset.o)
 .vfp11_veneer  0x00000000        0x0 /home/near/DevkitPro/devkitARM/bin/../lib/gcc/arm-eabi/4.3.3/../../../../arm-eabi/lib/thumb/libg.a(lib_a-mlock.o)
 .vfp11_veneer  0x00000000        0x0 /home/near/DevkitPro/devkitARM/bin/../lib/gcc/arm-eabi/4.3.3/../../../../arm-eabi/lib/thumb/libg.a(lib_a-rand.o)
 .vfp11_veneer  0x00000000        0x0 /home/near/DevkitPro/devkitARM/bin/../lib/gcc/arm-eabi/4.3.3/../../../../arm-eabi/lib/thumb/libg.a(lib_a-realloc.o)
 .vfp11_veneer  0x00000000        0x0 /home/near/DevkitPro/devkitARM/bin/../lib/gcc/arm-eabi/4.3.3/../../../../arm-eabi/lib/thumb/libg.a(lib_a-reallocr.o)
 .vfp11_veneer  0x00000000        0x0 /home/near/DevkitPro/devkitARM/bin/../lib/gcc/arm-eabi/4.3.3/../../../../arm-eabi/lib/thumb/libg.a(lib_a-setvbuf.o)
 .vfp11_veneer  0x00000000        0x0 /home/near/DevkitPro/devkitARM/bin/../lib/gcc/arm-eabi/4.3.3/../../../../arm-eabi/lib/thumb/libg.a(lib_a-siscanf.o)
 .vfp11_veneer  0x00000000        0x0 /home/near/DevkitPro/devkitARM/bin/../lib/gcc/arm-eabi/4.3.3/../../../../arm-eabi/lib/thumb/libg.a(lib_a-sprintf.o)
 .vfp11_veneer  0x00000000        0x0 /home/near/DevkitPro/devkitARM/bin/../lib/gcc/arm-eabi/4.3.3/../../../../arm-eabi/lib/thumb/libg.a(lib_a-strlen.o)
 .vfp11_veneer  0x00000000        0x0 /home/near/DevkitPro/devkitARM/bin/../lib/gcc/arm-eabi/4.3.3/../../../../arm-eabi/lib/thumb/libg.a(lib_a-svfiscanf.o)
 .vfp11_veneer  0x00000000        0x0 /home/near/DevkitPro/devkitARM/bin/../lib/gcc/arm-eabi/4.3.3/../../../../arm-eabi/lib/thumb/libg.a(lib_a-svfprintf.o)
 .vfp11_veneer  0x00000000        0x0 /home/near/DevkitPro/devkitARM/bin/../lib/gcc/arm-eabi/4.3.3/../../../../arm-eabi/lib/thumb/libg.a(lib_a-time.o)
 .vfp11_veneer  0x00000000        0x0 /home/near/DevkitPro/devkitARM/bin/../lib/gcc/arm-eabi/4.3.3/../../../../arm-eabi/lib/thumb/libg.a(lib_a-ungetc.o)
 .vfp11_veneer  0x00000000        0x0 /home/near/DevkitPro/devkitARM/bin/../lib/gcc/arm-eabi/4.3.3/../../../../arm-eabi/lib/thumb/libg.a(lib_a-vfiprintf.o)
 .vfp11_veneer  0x00000000        0x0 /home/near/DevkitPro/devkitARM/bin/../lib/gcc/arm-eabi/4.3.3/../../../../arm-eabi/lib/thumb/libg.a(lib_a-wcrtomb.o)
 .vfp11_veneer  0x00000000        0x0 /home/near/DevkitPro/devkitARM/bin/../lib/gcc/arm-eabi/4.3.3/../../../../arm-eabi/lib/thumb/libg.a(lib_a-wcsrtombs.o)
 .vfp11_veneer  0x00000000        0x0 /home/near/DevkitPro/devkitARM/bin/../lib/gcc/arm-eabi/4.3.3/../../../../arm-eabi/lib/thumb/libg.a(lib_a-wctomb_r.o)
 .vfp11_veneer  0x00000000        0x0 /home/near/DevkitPro/devkitARM/bin/../lib/gcc/arm-eabi/4.3.3/../../../../arm-eabi/lib/thumb/libg.a(lib_a-wsetup.o)
 .vfp11_veneer  0x00000000        0x0 /home/near/DevkitPro/devkitARM/bin/../lib/gcc/arm-eabi/4.3.3/../../../../arm-eabi/lib/thumb/libg.a(lib_a-ctype_.o)
 .vfp11_veneer  0x00000000        0x0 /home/near/DevkitPro/devkitARM/bin/../lib/gcc/arm-eabi/4.3.3/../../../../arm-eabi/lib/thumb/libg.a(lib_a-dtoa.o)
 .vfp11_veneer  0x00000000        0x0 /home/near/DevkitPro/devkitARM/bin/../lib/gcc/arm-eabi/4.3.3/../../../../arm-eabi/lib/thumb/libg.a(lib_a-fflush.o)
 .vfp11_veneer  0x00000000        0x0 /home/near/DevkitPro/devkitARM/bin/../lib/gcc/arm-eabi/4.3.3/../../../../arm-eabi/lib/thumb/libg.a(lib_a-findfp.o)
 .vfp11_veneer  0x00000000        0x0 /home/near/DevkitPro/devkitARM/bin/../lib/gcc/arm-eabi/4.3.3/../../../../arm-eabi/lib/thumb/libg.a(lib_a-freer.o)
 .vfp11_veneer  0x00000000        0x0 /home/near/DevkitPro/devkitARM/bin/../lib/gcc/arm-eabi/4.3.3/../../../../arm-eabi/lib/thumb/libg.a(lib_a-fvwrite.o)
 .vfp11_veneer  0x00000000        0x0 /home/near/DevkitPro/devkitARM/bin/../lib/gcc/arm-eabi/4.3.3/../../../../arm-eabi/lib/thumb/libg.a(lib_a-fwalk.o)
 .vfp11_veneer  0x00000000        0x0 /home/near/DevkitPro/devkitARM/bin/../lib/gcc/arm-eabi/4.3.3/../../../../arm-eabi/lib/thumb/libg.a(lib_a-iswspace.o)
 .vfp11_veneer  0x00000000        0x0 /home/near/DevkitPro/devkitARM/bin/../lib/gcc/arm-eabi/4.3.3/../../../../arm-eabi/lib/thumb/libg.a(lib_a-jp2uc.o)
 .vfp11_veneer  0x00000000        0x0 /home/near/DevkitPro/devkitARM/bin/../lib/gcc/arm-eabi/4.3.3/../../../../arm-eabi/lib/thumb/libg.a(lib_a-locale.o)
 .vfp11_veneer  0x00000000        0x0 /home/near/DevkitPro/devkitARM/bin/../lib/gcc/arm-eabi/4.3.3/../../../../arm-eabi/lib/thumb/libg.a(lib_a-makebuf.o)
 .vfp11_veneer  0x00000000        0x0 /home/near/DevkitPro/devkitARM/bin/../lib/gcc/arm-eabi/4.3.3/../../../../arm-eabi/lib/thumb/libg.a(lib_a-mbrtowc.o)
 .vfp11_veneer  0x00000000        0x0 /home/near/DevkitPro/devkitARM/bin/../lib/gcc/arm-eabi/4.3.3/../../../../arm-eabi/lib/thumb/libg.a(lib_a-mbtowc_r.o)
 .vfp11_veneer  0x00000000        0x0 /home/near/DevkitPro/devkitARM/bin/../lib/gcc/arm-eabi/4.3.3/../../../../arm-eabi/lib/thumb/libg.a(lib_a-memchr.o)
 .vfp11_veneer  0x00000000        0x0 /home/near/DevkitPro/devkitARM/bin/../lib/gcc/arm-eabi/4.3.3/../../../../arm-eabi/lib/thumb/libg.a(lib_a-memmove.o)
 .vfp11_veneer  0x00000000        0x0 /home/near/DevkitPro/devkitARM/bin/../lib/gcc/arm-eabi/4.3.3/../../../../arm-eabi/lib/thumb/libg.a(lib_a-mprec.o)
 .vfp11_veneer  0x00000000        0x0 /home/near/DevkitPro/devkitARM/bin/../lib/gcc/arm-eabi/4.3.3/../../../../arm-eabi/lib/thumb/libg.a(lib_a-s_isinfd.o)
 .vfp11_veneer  0x00000000        0x0 /home/near/DevkitPro/devkitARM/bin/../lib/gcc/arm-eabi/4.3.3/../../../../arm-eabi/lib/thumb/libg.a(lib_a-s_isnand.o)
 .vfp11_veneer  0x00000000        0x0 /home/near/DevkitPro/devkitARM/bin/../lib/gcc/arm-eabi/4.3.3/../../../../arm-eabi/lib/thumb/libg.a(lib_a-sccl.o)
 .vfp11_veneer  0x00000000        0x0 /home/near/DevkitPro/devkitARM/bin/../lib/gcc/arm-eabi/4.3.3/../../../../arm-eabi/lib/thumb/libg.a(lib_a-stdio.o)
 .vfp11_veneer  0x00000000        0x0 /home/near/DevkitPro/devkitARM/bin/../lib/gcc/arm-eabi/4.3.3/../../../../arm-eabi/lib/thumb/libg.a(lib_a-strcmp.o)
 .vfp11_veneer  0x00000000        0x0 /home/near/DevkitPro/devkitARM/bin/../lib/gcc/arm-eabi/4.3.3/../../../../arm-eabi/lib/thumb/libg.a(lib_a-strcpy.o)
 .vfp11_veneer  0x00000000        0x0 /home/near/DevkitPro/devkitARM/bin/../lib/gcc/arm-eabi/4.3.3/../../../../arm-eabi/lib/thumb/libg.a(lib_a-strtol.o)
 .vfp11_veneer  0x00000000        0x0 /home/near/DevkitPro/devkitARM/bin/../lib/gcc/arm-eabi/4.3.3/../../../../arm-eabi/lib/thumb/libg.a(lib_a-strtoul.o)
 .vfp11_veneer  0x00000000        0x0 /home/near/DevkitPro/devkitARM/bin/../lib/gcc/arm-eabi/4.3.3/../../../../arm-eabi/lib/thumb/libg.a(lib_a-callocr.o)
 .vfp11_veneer  0x00000000        0x0 /home/near/DevkitPro/devkitARM/bin/../lib/gcc/arm-eabi/4.3.3/../../../../arm-eabi/lib/thumb/libg.a(lib_a-fclose.o)
 .vfp11_veneer  0x00000000        0x0 /home/near/DevkitPro/devkitARM/bin/../lib/gcc/arm-eabi/4.3.3/../../../../arm-eabi/lib/thumb/libsysbase.a(iosupport.o)
 .vfp11_veneer  0x00000000        0x0 /home/near/DevkitPro/devkitARM/bin/../lib/gcc/arm-eabi/4.3.3/../../../../arm-eabi/lib/thumb/libsysbase.a(close.o)
 .vfp11_veneer  0x00000000        0x0 /home/near/DevkitPro/devkitARM/bin/../lib/gcc/arm-eabi/4.3.3/../../../../arm-eabi/lib/thumb/libsysbase.a(fstat.o)
 .vfp11_veneer  0x00000000        0x0 /home/near/DevkitPro/devkitARM/bin/../lib/gcc/arm-eabi/4.3.3/../../../../arm-eabi/lib/thumb/libsysbase.a(isatty.o)
 .vfp11_veneer  0x00000000        0x0 /home/near/DevkitPro/devkitARM/bin/../lib/gcc/arm-eabi/4.3.3/../../../../arm-eabi/lib/thumb/libsysbase.a(lseek.o)
 .vfp11_veneer  0x00000000        0x0 /home/near/DevkitPro/devkitARM/bin/../lib/gcc/arm-eabi/4.3.3/../../../../arm-eabi/lib/thumb/libsysbase.a(read.o)
 .vfp11_veneer  0x00000000        0x0 /home/near/DevkitPro/devkitARM/bin/../lib/gcc/arm-eabi/4.3.3/../../../../arm-eabi/lib/thumb/libsysbase.a(sbrk.o)
 .vfp11_veneer  0x00000000        0x0 /home/near/DevkitPro/devkitARM/bin/../lib/gcc/arm-eabi/4.3.3/../../../../arm-eabi/lib/thumb/libsysbase.a(times.o)
 .vfp11_veneer  0x00000000        0x0 /home/near/DevkitPro/devkitARM/bin/../lib/gcc/arm-eabi/4.3.3/../../../../arm-eabi/lib/thumb/libsysbase.a(write.o)
 .vfp11_veneer  0x00000000        0x0 /home/near/DevkitPro/devkitARM/bin/../lib/gcc/arm-eabi/4.3.3/../../../../arm-eabi/lib/thumb/libsysbase.a(malloc_vars.o)
 .vfp11_veneer  0x00000000        0x0 /home/near/DevkitPro/devkitARM/bin/../lib/gcc/arm-eabi/4.3.3/../../../../arm-eabi/lib/thumb/libsysbase.a(build_argv.o)
 .vfp11_veneer  0x00000000        0x0 /home/near/DevkitPro/devkitARM/bin/../lib/gcc/arm-eabi/4.3.3/../../../../arm-eabi/lib/thumb/libsysbase.a(handle_manager.o)
 .vfp11_veneer  0x00000000        0x0 /home/near/DevkitPro/devkitARM/bin/../lib/gcc/arm-eabi/4.3.3/thumb/libgcc.a(_udivsi3.o)
 .vfp11_veneer  0x00000000        0x0 /home/near/DevkitPro/devkitARM/bin/../lib/gcc/arm-eabi/4.3.3/thumb/libgcc.a(_addsubdf3.o)
 .vfp11_veneer  0x00000000        0x0 /home/near/DevkitPro/devkitARM/bin/../lib/gcc/arm-eabi/4.3.3/thumb/libgcc.a(_muldivdf3.o)
 .vfp11_veneer  0x00000000        0x0 /home/near/DevkitPro/devkitARM/bin/../lib/gcc/arm-eabi/4.3.3/thumb/libgcc.a(_cmpdf2.o)
 .vfp11_veneer  0x00000000        0x0 /home/near/DevkitPro/devkitARM/bin/../lib/gcc/arm-eabi/4.3.3/thumb/libgcc.a(_fixdfsi.o)
 .vfp11_veneer  0x00000000        0x0 /home/near/DevkitPro/devkitARM/bin/../lib/gcc/arm-eabi/4.3.3/thumb/libgcc.a(_muldi3.o)
 .vfp11_veneer  0x00000000        0x0 /home/near/DevkitPro/devkitARM/bin/../lib/gcc/arm-eabi/4.3.3/../../../../arm-eabi/lib/thumb/libg.a(lib_a-errno.o)
 .vfp11_veneer  0x00000000        0x0 /home/near/DevkitPro/devkitARM/bin/../lib/gcc/arm-eabi/4.3.3/../../../../arm-eabi/lib/thumb/libg.a(lib_a-strncmp.o)
 .vfp11_veneer  0x00000000        0x0 /home/near/DevkitPro/devkitARM/bin/../lib/gcc/arm-eabi/4.3.3/thumb/crtend.o
 .vfp11_veneer  0x00000000        0x0 /home/near/DevkitPro/devkitARM/bin/../lib/gcc/arm-eabi/4.3.3/thumb/crtn.o

.v4_bx          0x00000000        0x0
 .v4_bx         0x00000000        0x0 /home/near/DevkitPro/devkitARM/bin/../lib/gcc/arm-eabi/4.3.3/../../../../arm-eabi/lib/thumb/ds_arm9_crt0.o
 .v4_bx         0x00000000        0x0 /home/near/DevkitPro/devkitARM/bin/../lib/gcc/arm-eabi/4.3.3/thumb/crti.o
 .v4_bx         0x00000000        0x0 /home/near/DevkitPro/devkitARM/bin/../lib/gcc/arm-eabi/4.3.3/thumb/crtbegin.o
 .v4_bx         0x00000000        0x0 main.o
 .v4_bx         0x00000000        0x0 /home/near/DevkitPro/libnds/lib/libnds9.a(background.o)
 .v4_bx         0x00000000        0x0 /home/near/DevkitPro/libnds/lib/libnds9.a(console.o)
 .v4_bx         0x00000000        0x0 /home/near/DevkitPro/libnds/lib/libnds9.a(initSystem.o)
 .v4_bx         0x00000000        0x0 /home/near/DevkitPro/libnds/lib/libnds9.a(keys.o)
 .v4_bx         0x00000000        0x0 /home/near/DevkitPro/libnds/lib/libnds9.a(sprite.o)
 .v4_bx         0x00000000        0x0 /home/near/DevkitPro/libnds/lib/libnds9.a(sprite_alloc.o)
 .v4_bx         0x00000000        0x0 /home/near/DevkitPro/libnds/lib/libnds9.a(system.o)
 .v4_bx         0x00000000        0x0 /home/near/DevkitPro/libnds/lib/libnds9.a(trig.o)
 .v4_bx         0x00000000        0x0 /home/near/DevkitPro/libnds/lib/libnds9.a(video.o)
 .v4_bx         0x00000000        0x0 /home/near/DevkitPro/libnds/lib/libnds9.a(fifosystem.o)
 .v4_bx         0x00000000        0x0 /home/near/DevkitPro/libnds/lib/libnds9.a(interrupts.o)
 .v4_bx         0x00000000        0x0 /home/near/DevkitPro/libnds/lib/libnds9.a(dcache.o)
 .v4_bx         0x00000000        0x0 /home/near/DevkitPro/libnds/lib/libnds9.a(biosCalls.o)
 .v4_bx         0x00000000        0x0 /home/near/DevkitPro/libnds/lib/libnds9.a(debugprint.o)
 .v4_bx         0x00000000        0x0 /home/near/DevkitPro/libnds/lib/libnds9.a(interruptDispatcher.o)
 .v4_bx         0x00000000        0x0 /home/near/DevkitPro/libnds/lib/libnds9.a(default_font.bin.o)
 .v4_bx         0x00000000        0x0 /home/near/DevkitPro/devkitARM/bin/../lib/gcc/arm-eabi/4.3.3/thumb/libgcc.a(_divsi3.o)
 .v4_bx         0x00000000        0x0 /home/near/DevkitPro/devkitARM/bin/../lib/gcc/arm-eabi/4.3.3/thumb/libgcc.a(_dvmd_tls.o)
 .v4_bx         0x00000000        0x0 /home/near/DevkitPro/devkitARM/bin/../lib/gcc/arm-eabi/4.3.3/../../../../arm-eabi/lib/thumb/libg.a(lib_a-bsearch.o)
 .v4_bx         0x00000000        0x0 /home/near/DevkitPro/devkitARM/bin/../lib/gcc/arm-eabi/4.3.3/../../../../arm-eabi/lib/thumb/libg.a(lib_a-impure.o)
 .v4_bx         0x00000000        0x0 /home/near/DevkitPro/devkitARM/bin/../lib/gcc/arm-eabi/4.3.3/../../../../arm-eabi/lib/thumb/libg.a(lib_a-init.o)
 .v4_bx         0x00000000        0x0 /home/near/DevkitPro/devkitARM/bin/../lib/gcc/arm-eabi/4.3.3/../../../../arm-eabi/lib/thumb/libg.a(lib_a-iprintf.o)
 .v4_bx         0x00000000        0x0 /home/near/DevkitPro/devkitARM/bin/../lib/gcc/arm-eabi/4.3.3/../../../../arm-eabi/lib/thumb/libg.a(lib_a-malloc.o)
 .v4_bx         0x00000000        0x0 /home/near/DevkitPro/devkitARM/bin/../lib/gcc/arm-eabi/4.3.3/../../../../arm-eabi/lib/thumb/libg.a(lib_a-mallocr.o)
 .v4_bx         0x00000000        0x0 /home/near/DevkitPro/devkitARM/bin/../lib/gcc/arm-eabi/4.3.3/../../../../arm-eabi/lib/thumb/libg.a(lib_a-memcpy.o)
 .v4_bx         0x00000000        0x0 /home/near/DevkitPro/devkitARM/bin/../lib/gcc/arm-eabi/4.3.3/../../../../arm-eabi/lib/thumb/libg.a(lib_a-memset.o)
 .v4_bx         0x00000000        0x0 /home/near/DevkitPro/devkitARM/bin/../lib/gcc/arm-eabi/4.3.3/../../../../arm-eabi/lib/thumb/libg.a(lib_a-mlock.o)
 .v4_bx         0x00000000        0x0 /home/near/DevkitPro/devkitARM/bin/../lib/gcc/arm-eabi/4.3.3/../../../../arm-eabi/lib/thumb/libg.a(lib_a-rand.o)
 .v4_bx         0x00000000        0x0 /home/near/DevkitPro/devkitARM/bin/../lib/gcc/arm-eabi/4.3.3/../../../../arm-eabi/lib/thumb/libg.a(lib_a-realloc.o)
 .v4_bx         0x00000000        0x0 /home/near/DevkitPro/devkitARM/bin/../lib/gcc/arm-eabi/4.3.3/../../../../arm-eabi/lib/thumb/libg.a(lib_a-reallocr.o)
 .v4_bx         0x00000000        0x0 /home/near/DevkitPro/devkitARM/bin/../lib/gcc/arm-eabi/4.3.3/../../../../arm-eabi/lib/thumb/libg.a(lib_a-setvbuf.o)
 .v4_bx         0x00000000        0x0 /home/near/DevkitPro/devkitARM/bin/../lib/gcc/arm-eabi/4.3.3/../../../../arm-eabi/lib/thumb/libg.a(lib_a-siscanf.o)
 .v4_bx         0x00000000        0x0 /home/near/DevkitPro/devkitARM/bin/../lib/gcc/arm-eabi/4.3.3/../../../../arm-eabi/lib/thumb/libg.a(lib_a-sprintf.o)
 .v4_bx         0x00000000        0x0 /home/near/DevkitPro/devkitARM/bin/../lib/gcc/arm-eabi/4.3.3/../../../../arm-eabi/lib/thumb/libg.a(lib_a-strlen.o)
 .v4_bx         0x00000000        0x0 /home/near/DevkitPro/devkitARM/bin/../lib/gcc/arm-eabi/4.3.3/../../../../arm-eabi/lib/thumb/libg.a(lib_a-svfiscanf.o)
 .v4_bx         0x00000000        0x0 /home/near/DevkitPro/devkitARM/bin/../lib/gcc/arm-eabi/4.3.3/../../../../arm-eabi/lib/thumb/libg.a(lib_a-svfprintf.o)
 .v4_bx         0x00000000        0x0 /home/near/DevkitPro/devkitARM/bin/../lib/gcc/arm-eabi/4.3.3/../../../../arm-eabi/lib/thumb/libg.a(lib_a-time.o)
 .v4_bx         0x00000000        0x0 /home/near/DevkitPro/devkitARM/bin/../lib/gcc/arm-eabi/4.3.3/../../../../arm-eabi/lib/thumb/libg.a(lib_a-ungetc.o)
 .v4_bx         0x00000000        0x0 /home/near/DevkitPro/devkitARM/bin/../lib/gcc/arm-eabi/4.3.3/../../../../arm-eabi/lib/thumb/libg.a(lib_a-vfiprintf.o)
 .v4_bx         0x00000000        0x0 /home/near/DevkitPro/devkitARM/bin/../lib/gcc/arm-eabi/4.3.3/../../../../arm-eabi/lib/thumb/libg.a(lib_a-wcrtomb.o)
 .v4_bx         0x00000000        0x0 /home/near/DevkitPro/devkitARM/bin/../lib/gcc/arm-eabi/4.3.3/../../../../arm-eabi/lib/thumb/libg.a(lib_a-wcsrtombs.o)
 .v4_bx         0x00000000        0x0 /home/near/DevkitPro/devkitARM/bin/../lib/gcc/arm-eabi/4.3.3/../../../../arm-eabi/lib/thumb/libg.a(lib_a-wctomb_r.o)
 .v4_bx         0x00000000        0x0 /home/near/DevkitPro/devkitARM/bin/../lib/gcc/arm-eabi/4.3.3/../../../../arm-eabi/lib/thumb/libg.a(lib_a-wsetup.o)
 .v4_bx         0x00000000        0x0 /home/near/DevkitPro/devkitARM/bin/../lib/gcc/arm-eabi/4.3.3/../../../../arm-eabi/lib/thumb/libg.a(lib_a-ctype_.o)
 .v4_bx         0x00000000        0x0 /home/near/DevkitPro/devkitARM/bin/../lib/gcc/arm-eabi/4.3.3/../../../../arm-eabi/lib/thumb/libg.a(lib_a-dtoa.o)
 .v4_bx         0x00000000        0x0 /home/near/DevkitPro/devkitARM/bin/../lib/gcc/arm-eabi/4.3.3/../../../../arm-eabi/lib/thumb/libg.a(lib_a-fflush.o)
 .v4_bx         0x00000000        0x0 /home/near/DevkitPro/devkitARM/bin/../lib/gcc/arm-eabi/4.3.3/../../../../arm-eabi/lib/thumb/libg.a(lib_a-findfp.o)
 .v4_bx         0x00000000        0x0 /home/near/DevkitPro/devkitARM/bin/../lib/gcc/arm-eabi/4.3.3/../../../../arm-eabi/lib/thumb/libg.a(lib_a-freer.o)
 .v4_bx         0x00000000        0x0 /home/near/DevkitPro/devkitARM/bin/../lib/gcc/arm-eabi/4.3.3/../../../../arm-eabi/lib/thumb/libg.a(lib_a-fvwrite.o)
 .v4_bx         0x00000000        0x0 /home/near/DevkitPro/devkitARM/bin/../lib/gcc/arm-eabi/4.3.3/../../../../arm-eabi/lib/thumb/libg.a(lib_a-fwalk.o)
 .v4_bx         0x00000000        0x0 /home/near/DevkitPro/devkitARM/bin/../lib/gcc/arm-eabi/4.3.3/../../../../arm-eabi/lib/thumb/libg.a(lib_a-iswspace.o)
 .v4_bx         0x00000000        0x0 /home/near/DevkitPro/devkitARM/bin/../lib/gcc/arm-eabi/4.3.3/../../../../arm-eabi/lib/thumb/libg.a(lib_a-jp2uc.o)
 .v4_bx         0x00000000        0x0 /home/near/DevkitPro/devkitARM/bin/../lib/gcc/arm-eabi/4.3.3/../../../../arm-eabi/lib/thumb/libg.a(lib_a-locale.o)
 .v4_bx         0x00000000        0x0 /home/near/DevkitPro/devkitARM/bin/../lib/gcc/arm-eabi/4.3.3/../../../../arm-eabi/lib/thumb/libg.a(lib_a-makebuf.o)
 .v4_bx         0x00000000        0x0 /home/near/DevkitPro/devkitARM/bin/../lib/gcc/arm-eabi/4.3.3/../../../../arm-eabi/lib/thumb/libg.a(lib_a-mbrtowc.o)
 .v4_bx         0x00000000        0x0 /home/near/DevkitPro/devkitARM/bin/../lib/gcc/arm-eabi/4.3.3/../../../../arm-eabi/lib/thumb/libg.a(lib_a-mbtowc_r.o)
 .v4_bx         0x00000000        0x0 /home/near/DevkitPro/devkitARM/bin/../lib/gcc/arm-eabi/4.3.3/../../../../arm-eabi/lib/thumb/libg.a(lib_a-memchr.o)
 .v4_bx         0x00000000        0x0 /home/near/DevkitPro/devkitARM/bin/../lib/gcc/arm-eabi/4.3.3/../../../../arm-eabi/lib/thumb/libg.a(lib_a-memmove.o)
 .v4_bx         0x00000000        0x0 /home/near/DevkitPro/devkitARM/bin/../lib/gcc/arm-eabi/4.3.3/../../../../arm-eabi/lib/thumb/libg.a(lib_a-mprec.o)
 .v4_bx         0x00000000        0x0 /home/near/DevkitPro/devkitARM/bin/../lib/gcc/arm-eabi/4.3.3/../../../../arm-eabi/lib/thumb/libg.a(lib_a-s_isinfd.o)
 .v4_bx         0x00000000        0x0 /home/near/DevkitPro/devkitARM/bin/../lib/gcc/arm-eabi/4.3.3/../../../../arm-eabi/lib/thumb/libg.a(lib_a-s_isnand.o)
 .v4_bx         0x00000000        0x0 /home/near/DevkitPro/devkitARM/bin/../lib/gcc/arm-eabi/4.3.3/../../../../arm-eabi/lib/thumb/libg.a(lib_a-sccl.o)
 .v4_bx         0x00000000        0x0 /home/near/DevkitPro/devkitARM/bin/../lib/gcc/arm-eabi/4.3.3/../../../../arm-eabi/lib/thumb/libg.a(lib_a-stdio.o)
 .v4_bx         0x00000000        0x0 /home/near/DevkitPro/devkitARM/bin/../lib/gcc/arm-eabi/4.3.3/../../../../arm-eabi/lib/thumb/libg.a(lib_a-strcmp.o)
 .v4_bx         0x00000000        0x0 /home/near/DevkitPro/devkitARM/bin/../lib/gcc/arm-eabi/4.3.3/../../../../arm-eabi/lib/thumb/libg.a(lib_a-strcpy.o)
 .v4_bx         0x00000000        0x0 /home/near/DevkitPro/devkitARM/bin/../lib/gcc/arm-eabi/4.3.3/../../../../arm-eabi/lib/thumb/libg.a(lib_a-strtol.o)
 .v4_bx         0x00000000        0x0 /home/near/DevkitPro/devkitARM/bin/../lib/gcc/arm-eabi/4.3.3/../../../../arm-eabi/lib/thumb/libg.a(lib_a-strtoul.o)
 .v4_bx         0x00000000        0x0 /home/near/DevkitPro/devkitARM/bin/../lib/gcc/arm-eabi/4.3.3/../../../../arm-eabi/lib/thumb/libg.a(lib_a-callocr.o)
 .v4_bx         0x00000000        0x0 /home/near/DevkitPro/devkitARM/bin/../lib/gcc/arm-eabi/4.3.3/../../../../arm-eabi/lib/thumb/libg.a(lib_a-fclose.o)
 .v4_bx         0x00000000        0x0 /home/near/DevkitPro/devkitARM/bin/../lib/gcc/arm-eabi/4.3.3/../../../../arm-eabi/lib/thumb/libsysbase.a(iosupport.o)
 .v4_bx         0x00000000        0x0 /home/near/DevkitPro/devkitARM/bin/../lib/gcc/arm-eabi/4.3.3/../../../../arm-eabi/lib/thumb/libsysbase.a(close.o)
 .v4_bx         0x00000000        0x0 /home/near/DevkitPro/devkitARM/bin/../lib/gcc/arm-eabi/4.3.3/../../../../arm-eabi/lib/thumb/libsysbase.a(fstat.o)
 .v4_bx         0x00000000        0x0 /home/near/DevkitPro/devkitARM/bin/../lib/gcc/arm-eabi/4.3.3/../../../../arm-eabi/lib/thumb/libsysbase.a(isatty.o)
 .v4_bx         0x00000000        0x0 /home/near/DevkitPro/devkitARM/bin/../lib/gcc/arm-eabi/4.3.3/../../../../arm-eabi/lib/thumb/libsysbase.a(lseek.o)
 .v4_bx         0x00000000        0x0 /home/near/DevkitPro/devkitARM/bin/../lib/gcc/arm-eabi/4.3.3/../../../../arm-eabi/lib/thumb/libsysbase.a(read.o)
 .v4_bx         0x00000000        0x0 /home/near/DevkitPro/devkitARM/bin/../lib/gcc/arm-eabi/4.3.3/../../../../arm-eabi/lib/thumb/libsysbase.a(sbrk.o)
 .v4_bx         0x00000000        0x0 /home/near/DevkitPro/devkitARM/bin/../lib/gcc/arm-eabi/4.3.3/../../../../arm-eabi/lib/thumb/libsysbase.a(times.o)
 .v4_bx         0x00000000        0x0 /home/near/DevkitPro/devkitARM/bin/../lib/gcc/arm-eabi/4.3.3/../../../../arm-eabi/lib/thumb/libsysbase.a(write.o)
 .v4_bx         0x00000000        0x0 /home/near/DevkitPro/devkitARM/bin/../lib/gcc/arm-eabi/4.3.3/../../../../arm-eabi/lib/thumb/libsysbase.a(malloc_vars.o)
 .v4_bx         0x00000000        0x0 /home/near/DevkitPro/devkitARM/bin/../lib/gcc/arm-eabi/4.3.3/../../../../arm-eabi/lib/thumb/libsysbase.a(build_argv.o)
 .v4_bx         0x00000000        0x0 /home/near/DevkitPro/devkitARM/bin/../lib/gcc/arm-eabi/4.3.3/../../../../arm-eabi/lib/thumb/libsysbase.a(handle_manager.o)
 .v4_bx         0x00000000        0x0 /home/near/DevkitPro/devkitARM/bin/../lib/gcc/arm-eabi/4.3.3/thumb/libgcc.a(_udivsi3.o)
 .v4_bx         0x00000000        0x0 /home/near/DevkitPro/devkitARM/bin/../lib/gcc/arm-eabi/4.3.3/thumb/libgcc.a(_addsubdf3.o)
 .v4_bx         0x00000000        0x0 /home/near/DevkitPro/devkitARM/bin/../lib/gcc/arm-eabi/4.3.3/thumb/libgcc.a(_muldivdf3.o)
 .v4_bx         0x00000000        0x0 /home/near/DevkitPro/devkitARM/bin/../lib/gcc/arm-eabi/4.3.3/thumb/libgcc.a(_cmpdf2.o)
 .v4_bx         0x00000000        0x0 /home/near/DevkitPro/devkitARM/bin/../lib/gcc/arm-eabi/4.3.3/thumb/libgcc.a(_fixdfsi.o)
 .v4_bx         0x00000000        0x0 /home/near/DevkitPro/devkitARM/bin/../lib/gcc/arm-eabi/4.3.3/thumb/libgcc.a(_muldi3.o)
 .v4_bx         0x00000000        0x0 /home/near/DevkitPro/devkitARM/bin/../lib/gcc/arm-eabi/4.3.3/../../../../arm-eabi/lib/thumb/libg.a(lib_a-errno.o)
 .v4_bx         0x00000000        0x0 /home/near/DevkitPro/devkitARM/bin/../lib/gcc/arm-eabi/4.3.3/../../../../arm-eabi/lib/thumb/libg.a(lib_a-strncmp.o)
 .v4_bx         0x00000000        0x0 /home/near/DevkitPro/devkitARM/bin/../lib/gcc/arm-eabi/4.3.3/thumb/crtend.o
 .v4_bx         0x00000000        0x0 /home/near/DevkitPro/devkitARM/bin/../lib/gcc/arm-eabi/4.3.3/thumb/crtn.o

.fini           0x0200dd9c        0xc
 *(.fini)
 .fini          0x0200dd9c        0x4 /home/near/DevkitPro/devkitARM/bin/../lib/gcc/arm-eabi/4.3.3/thumb/crti.o
                0x0200dd9c                _fini
 .fini          0x0200dda0        0x8 /home/near/DevkitPro/devkitARM/bin/../lib/gcc/arm-eabi/4.3.3/thumb/crtn.o
                0x0200dda8                __text_end = .

.rodata         0x0200dda8     0x628c
 *(.rodata)
 .rodata        0x0200dda8       0x1c main.o
 .rodata        0x0200ddc4      0x18c /home/near/DevkitPro/libnds/lib/libnds9.a(console.o)
 .rodata        0x0200df50     0x2004 /home/near/DevkitPro/libnds/lib/libnds9.a(default_font.bin.o)
                0x0200ff50                default_font_bin_end
                0x0200ff50                default_font_bin_size
                0x0200df50                default_font_bin
 .rodata        0x0200ff54        0x4 /home/near/DevkitPro/devkitARM/bin/../lib/gcc/arm-eabi/4.3.3/../../../../arm-eabi/lib/thumb/libg.a(lib_a-impure.o)
                0x0200ff54                _global_impure_ptr
 .rodata        0x0200ff58      0x340 /home/near/DevkitPro/devkitARM/bin/../lib/gcc/arm-eabi/4.3.3/../../../../arm-eabi/lib/thumb/libg.a(lib_a-svfiscanf.o)
 .rodata        0x02010298      0x184 /home/near/DevkitPro/devkitARM/bin/../lib/gcc/arm-eabi/4.3.3/../../../../arm-eabi/lib/thumb/libg.a(lib_a-svfprintf.o)
 .rodata        0x0201041c      0x184 /home/near/DevkitPro/devkitARM/bin/../lib/gcc/arm-eabi/4.3.3/../../../../arm-eabi/lib/thumb/libg.a(lib_a-vfiprintf.o)
 .rodata        0x020105a0      0x101 /home/near/DevkitPro/devkitARM/bin/../lib/gcc/arm-eabi/4.3.3/../../../../arm-eabi/lib/thumb/libg.a(lib_a-ctype_.o)
                0x020105a0                _ctype_
 *fill*         0x020106a1        0x3 ff
 .rodata        0x020106a4       0x18 /home/near/DevkitPro/devkitARM/bin/../lib/gcc/arm-eabi/4.3.3/../../../../arm-eabi/lib/thumb/libg.a(lib_a-dtoa.o)
 .rodata        0x020106bc     0x34ec /home/near/DevkitPro/devkitARM/bin/../lib/gcc/arm-eabi/4.3.3/../../../../arm-eabi/lib/thumb/libg.a(lib_a-jp2uc.o)
 .rodata        0x02013ba8       0xb8 /home/near/DevkitPro/devkitARM/bin/../lib/gcc/arm-eabi/4.3.3/../../../../arm-eabi/lib/thumb/libg.a(lib_a-locale.o)
 .rodata        0x02013c60       0xa8 /home/near/DevkitPro/devkitARM/bin/../lib/gcc/arm-eabi/4.3.3/../../../../arm-eabi/lib/thumb/libg.a(lib_a-mbtowc_r.o)
 .rodata        0x02013d08      0x128 /home/near/DevkitPro/devkitARM/bin/../lib/gcc/arm-eabi/4.3.3/../../../../arm-eabi/lib/thumb/libg.a(lib_a-mprec.o)
                0x02013df8                __mprec_tinytens
                0x02013d08                __mprec_tens
                0x02013dd0                __mprec_bigtens
 .rodata        0x02013e30       0x5c /home/near/DevkitPro/devkitARM/bin/../lib/gcc/arm-eabi/4.3.3/../../../../arm-eabi/lib/thumb/libsysbase.a(iosupport.o)
                0x02013e30                dotab_stdnull
 *all.rodata*(*)
 *(.roda)
 *(.rodata.*)
 .rodata.str1.4
                0x02013e8c       0x93 main.o
                                 0x94 (size before relaxing)
 *fill*         0x02013f1f        0x1 ff
 .rodata.str1.4
                0x02013f20       0x3c /home/near/DevkitPro/libnds/lib/libnds9.a(console.o)
                                 0x44 (size before relaxing)
 .rodata.str1.4
                0x02013f5c        0x2 /home/near/DevkitPro/devkitARM/bin/../lib/gcc/arm-eabi/4.3.3/../../../../arm-eabi/lib/thumb/libg.a(lib_a-impure.o)
                                  0x4 (size before relaxing)
 *fill*         0x02013f5e        0x2 ff
 .rodata.str1.4
                0x02013f60       0x5e /home/near/DevkitPro/devkitARM/bin/../lib/gcc/arm-eabi/4.3.3/../../../../arm-eabi/lib/thumb/libg.a(lib_a-svfprintf.o)
                                 0x60 (size before relaxing)
 .rodata.str1.4
                0x00000000       0x4c /home/near/DevkitPro/devkitARM/bin/../lib/gcc/arm-eabi/4.3.3/../../../../arm-eabi/lib/thumb/libg.a(lib_a-vfiprintf.o)
 *fill*         0x02013fbe        0x2 ff
 .rodata.str1.4
                0x02013fc0       0x1e /home/near/DevkitPro/devkitARM/bin/../lib/gcc/arm-eabi/4.3.3/../../../../arm-eabi/lib/thumb/libg.a(lib_a-wctomb_r.o)
                                 0x20 (size before relaxing)
 *fill*         0x02013fde        0x2 ff
 .rodata.str1.4
                0x02013fe0       0x10 /home/near/DevkitPro/devkitARM/bin/../lib/gcc/arm-eabi/4.3.3/../../../../arm-eabi/lib/thumb/libg.a(lib_a-dtoa.o)
                                 0x14 (size before relaxing)
 .rodata.str1.4
                0x00000000       0x20 /home/near/DevkitPro/devkitARM/bin/../lib/gcc/arm-eabi/4.3.3/../../../../arm-eabi/lib/thumb/libg.a(lib_a-iswspace.o)
 .rodata.str1.4
                0x02013ff0       0x3a /home/near/DevkitPro/devkitARM/bin/../lib/gcc/arm-eabi/4.3.3/../../../../arm-eabi/lib/thumb/libg.a(lib_a-locale.o)
                                 0x64 (size before relaxing)
 .rodata.str1.4
                0x00000000        0x4 /home/near/DevkitPro/devkitARM/bin/../lib/gcc/arm-eabi/4.3.3/../../../../arm-eabi/lib/thumb/libg.a(lib_a-mbrtowc.o)
 .rodata.str1.4
                0x00000000       0x20 /home/near/DevkitPro/devkitARM/bin/../lib/gcc/arm-eabi/4.3.3/../../../../arm-eabi/lib/thumb/libg.a(lib_a-mbtowc_r.o)
 *fill*         0x0201402a        0x2 ff
 .rodata.str1.4
                0x0201402c        0x8 /home/near/DevkitPro/devkitARM/bin/../lib/gcc/arm-eabi/4.3.3/../../../../arm-eabi/lib/thumb/libsysbase.a(iosupport.o)
 *(.gnu.linkonce.r*)
                0x02014034                . = ALIGN (0x4)

.ARM.extab
 *(.ARM.extab* .gnu.linkonce.armextab.*)
                0x02014034                __exidx_start = .

.ARM.exidx
 *(.ARM.exidx* .gnu.linkonce.armexidx.*)
                0x02014034                __exidx_end = .
                0x02014034                . = ALIGN (0x4)
                0x02014034                PROVIDE (__preinit_array_start, .)

.preinit_array
 *(.preinit_array)
                0x02014034                PROVIDE (__preinit_array_end, .)
                0x02014034                PROVIDE (__init_array_start, .)

.init_array     0x02014034        0x4
 *(.init_array)
 .init_array    0x02014034        0x4 /home/near/DevkitPro/devkitARM/bin/../lib/gcc/arm-eabi/4.3.3/thumb/crtbegin.o
                0x02014038                PROVIDE (__init_array_end, .)
                0x02014038                PROVIDE (__fini_array_start, .)

.fini_array     0x02014038        0x4
 *(.fini_array)
 .fini_array    0x02014038        0x4 /home/near/DevkitPro/devkitARM/bin/../lib/gcc/arm-eabi/4.3.3/thumb/crtbegin.o
                0x0201403c                PROVIDE (__fini_array_end, .)

.ctors          0x0201403c        0x0
 *crtbegin.o(.ctors)
 *(EXCLUDE_FILE(*crtend.o) .ctors)
 *(SORT(.ctors.*))
 *(.ctors)
                0x0201403c                . = ALIGN (0x4)

.dtors          0x0201403c        0x0
 *crtbegin.o(.dtors)
 *(EXCLUDE_FILE(*crtend.o) .dtors)
 *(SORT(.dtors.*))
 *(.dtors)
                0x0201403c                . = ALIGN (0x4)

.eh_frame       0x0201403c        0x4
 *(.eh_frame)
 .eh_frame      0x0201403c        0x0 /home/near/DevkitPro/devkitARM/bin/../lib/gcc/arm-eabi/4.3.3/thumb/crtbegin.o